Archive member included to satisfy reference by file (symbol)

app/libapp.a(main.c.obj)      (--whole-archive)
zephyr/libzephyr.a(cbprintf.c.obj)
                              (--whole-archive)
zephyr/libzephyr.a(cbprintf_packaged.c.obj)
                              (--whole-archive)
zephyr/libzephyr.a(crc32c_sw.c.obj)
                              (--whole-archive)
zephyr/libzephyr.a(crc32_sw.c.obj)
                              (--whole-archive)
zephyr/libzephyr.a(crc16_sw.c.obj)
                              (--whole-archive)
zephyr/libzephyr.a(crc8_sw.c.obj)
                              (--whole-archive)
zephyr/libzephyr.a(crc7_sw.c.obj)
                              (--whole-archive)
zephyr/libzephyr.a(dec.c.obj)
                              (--whole-archive)
zephyr/libzephyr.a(fdtable.c.obj)
                              (--whole-archive)
zephyr/libzephyr.a(hex.c.obj)
                              (--whole-archive)
zephyr/libzephyr.a(notify.c.obj)
                              (--whole-archive)
zephyr/libzephyr.a(printk.c.obj)
                              (--whole-archive)
zephyr/libzephyr.a(onoff.c.obj)
                              (--whole-archive)
zephyr/libzephyr.a(rb.c.obj)  (--whole-archive)
zephyr/libzephyr.a(sem.c.obj)
                              (--whole-archive)
zephyr/libzephyr.a(thread_entry.c.obj)
                              (--whole-archive)
zephyr/libzephyr.a(timeutil.c.obj)
                              (--whole-archive)
zephyr/libzephyr.a(heap.c.obj)
                              (--whole-archive)
zephyr/libzephyr.a(heap-validate.c.obj)
                              (--whole-archive)
zephyr/libzephyr.a(bitarray.c.obj)
                              (--whole-archive)
zephyr/libzephyr.a(multi_heap.c.obj)
                              (--whole-archive)
zephyr/libzephyr.a(cbprintf_complete.c.obj)
                              (--whole-archive)
zephyr/libzephyr.a(mpsc_pbuf.c.obj)
                              (--whole-archive)
zephyr/libzephyr.a(configs.c.obj)
                              (--whole-archive)
zephyr/libzephyr.a(soc.c.obj)
                              (--whole-archive)
zephyr/libzephyr.a(soc_config.c.obj)
                              (--whole-archive)
zephyr/libzephyr.a(soc_pmc.c.obj)
                              (--whole-archive)
zephyr/libzephyr.a(soc_gpio.c.obj)
                              (--whole-archive)
zephyr/libzephyr.a(log_list.c.obj)
                              (--whole-archive)
zephyr/libzephyr.a(log_core.c.obj)
                              (--whole-archive)
zephyr/libzephyr.a(log_mgmt.c.obj)
                              (--whole-archive)
zephyr/libzephyr.a(log_msg.c.obj)
                              (--whole-archive)
zephyr/libzephyr.a(log_output.c.obj)
                              (--whole-archive)
zephyr/libzephyr.a(log_msg2.c.obj)
                              (--whole-archive)
zephyr/libzephyr.a(log_backend_uart.c.obj)
                              (--whole-archive)
zephyr/libzephyr.a(tracing_none.c.obj)
                              (--whole-archive)
zephyr/arch/common/libarch__common.a(sw_isr_common.c.obj)
                              (--whole-archive)
zephyr/arch/arch/arm/core/aarch32/libarch__arm__core__aarch32.a(cpu_idle.S.obj)
                              (--whole-archive)
zephyr/arch/arch/arm/core/aarch32/libarch__arm__core__aarch32.a(fatal.c.obj)
                              (--whole-archive)
zephyr/arch/arch/arm/core/aarch32/libarch__arm__core__aarch32.a(irq_manage.c.obj)
                              (--whole-archive)
zephyr/arch/arch/arm/core/aarch32/libarch__arm__core__aarch32.a(nmi.c.obj)
                              (--whole-archive)
zephyr/arch/arch/arm/core/aarch32/libarch__arm__core__aarch32.a(nmi_on_reset.S.obj)
                              (--whole-archive)
zephyr/arch/arch/arm/core/aarch32/libarch__arm__core__aarch32.a(prep_c.c.obj)
                              (--whole-archive)
zephyr/arch/arch/arm/core/aarch32/libarch__arm__core__aarch32.a(swap.c.obj)
                              (--whole-archive)
zephyr/arch/arch/arm/core/aarch32/libarch__arm__core__aarch32.a(swap_helper.S.obj)
                              (--whole-archive)
zephyr/arch/arch/arm/core/aarch32/libarch__arm__core__aarch32.a(thread.c.obj)
                              (--whole-archive)
zephyr/arch/arch/arm/core/aarch32/libarch__arm__core__aarch32.a(isr_wrapper.S.obj)
                              (--whole-archive)
zephyr/arch/arch/arm/core/aarch32/cortex_m/libarch__arm__core__aarch32__cortex_m.a(exc_exit.S.obj)
                              (--whole-archive)
zephyr/arch/arch/arm/core/aarch32/cortex_m/libarch__arm__core__aarch32__cortex_m.a(fault.c.obj)
                              (--whole-archive)
zephyr/arch/arch/arm/core/aarch32/cortex_m/libarch__arm__core__aarch32__cortex_m.a(fault_s.S.obj)
                              (--whole-archive)
zephyr/arch/arch/arm/core/aarch32/cortex_m/libarch__arm__core__aarch32__cortex_m.a(fpu.c.obj)
[...]
Memory Configuration

Name             Origin             Length             Attributes
FLASH            0x0000000000400000 0x0000000000200000 xr
SRAM             0x0000000020400000 0x0000000000060000 xw
IDT_LIST         0x00000000fffff7ff 0x0000000000000800 xw
*default*        0x0000000000000000 0xffffffffffffffff

Linker script and memory map

LOAD zephyr/CMakeFiles/zephyr_pre0.dir/misc/empty_file.c.obj
LOAD zephyr/CMakeFiles/offsets.dir/./arch/arm/core/offsets/offsets.c.obj
                0x0000000000000020                _region_min_align = 0x20

.rel.plt        0x0000000000400000        0x0
 *(SORT_BY_ALIGNMENT(.rel.plt))
                [!provide]                        PROVIDE (__rel_iplt_start = .)
 *(SORT_BY_ALIGNMENT(.rel.iplt))
 .rel.iplt      0x0000000000400000        0x0 app/libapp.a(main.c.obj)
                [!provide]                        PROVIDE (__rel_iplt_end = .)

.rela.plt       0x0000000000000000        0x0
 *(SORT_BY_ALIGNMENT(.rela.plt))
                [!provide]                        PROVIDE (__rela_iplt_start = .)
 *(SORT_BY_ALIGNMENT(.rela.iplt))
                [!provide]                        PROVIDE (__rela_iplt_end = .)

.rel.dyn
 *(SORT_BY_ALIGNMENT(.rel.*))

.rela.dyn
 *(SORT_BY_ALIGNMENT(.rela.*))

/DISCARD/
 *(SORT_BY_ALIGNMENT(.plt))
 *(SORT_BY_ALIGNMENT(.iplt))
 *(SORT_BY_ALIGNMENT(.got.plt))
 *(SORT_BY_ALIGNMENT(.igot.plt))
 *(SORT_BY_ALIGNMENT(.got))
 *(SORT_BY_ALIGNMENT(.igot))
 *(SORT_BY_ALIGNMENT(.note.GNU-stack))
                0x0000000000400000                __rom_region_start = 0x400000

rom_start       0x0000000000400000      0x15c
                0x0000000000000000                . = 0x0
                0x0000000000000000                . = ALIGN (0x4)
                0x0000000000000000                . = ALIGN (0x80)
                0x0000000000000000                . = ALIGN (0x200)
                0x0000000000400000                _vector_start = .
 *(SORT_BY_ALIGNMENT(.exc_vector_table))
 *(SORT_BY_ALIGNMENT(.exc_vector_table.*))
 .exc_vector_table._vector_table_section
                0x0000000000400000       0x40 zephyr/arch/arch/arm/core/aarch32/cortex_m/libarch__arm__core__aarch32__cortex_m.a(vector_table.S.obj)
                0x0000000000400000                _vector_table
 *(SORT_BY_ALIGNMENT(.gnu.linkonce.irq_vector_table*))
 .gnu.linkonce.irq_vector_table
                0x0000000000400040      0x11c zephyr/arch/common/libisr_tables.a(isr_tables.c.obj)
                0x0000000000400040                _irq_vector_table
 *(SORT_BY_ALIGNMENT(.vectors))
                0x000000000040015c                _vector_end = .

text            0x0000000000400160     0x6d66
                0x0000000000400160                __text_region_start = .
 *(SORT_BY_ALIGNMENT(.text))
 .text          0x0000000000400160      0x378 /home/crem/zephyr-sdk-0.13.1/arm-zephyr-eabi/bin/../lib/gcc/arm-zephyr-eabi/10.3.0/thumb/v7e-m/nofp/libgcc.a(_arm_addsubdf3.o)
                0x0000000000400160                __aeabi_drsub
                0x0000000000400168                __aeabi_dsub
                0x0000000000400168                __subdf3
                0x000000000040016c                __adddf3
                0x000000000040016c                __aeabi_dadd
                0x00000000004003e4                __aeabi_ui2d
                0x00000000004003e4                __floatunsidf
                0x0000000000400404                __floatsidf
                0x0000000000400404                __aeabi_i2d
                0x0000000000400428                __extendsfdf2
                0x0000000000400428                __aeabi_f2d
                0x000000000040046c                __aeabi_ul2d
                0x000000000040046c                __floatundidf
                0x000000000040047c                __floatdidf
                0x000000000040047c                __aeabi_l2d
 .text          0x00000000004004d8      0x424 /home/crem/zephyr-sdk-0.13.1/arm-zephyr-eabi/bin/../lib/gcc/arm-zephyr-eabi/10.3.0/thumb/v7e-m/nofp/libgcc.a(_arm_muldivdf3.o)
                0x00000000004004d8                __aeabi_dmul
                0x00000000004004d8                __muldf3
                0x000000000040072c                __aeabi_ddiv
                0x000000000040072c                __divdf3
 .text          0x00000000004008fc       0xa0 /home/crem/zephyr-sdk-0.13.1/arm-zephyr-eabi/bin/../lib/gcc/arm-zephyr-eabi/10.3.0/thumb/v7e-m/nofp/libgcc.a(_arm_truncdfsf2.o)
                0x00000000004008fc                __aeabi_d2f
                0x00000000004008fc                __truncdfsf2
 .text          0x000000000040099c      0x21c /home/crem/zephyr-sdk-0.13.1/arm-zephyr-eabi/bin/../lib/gcc/arm-zephyr-eabi/10.3.0/thumb/v7e-m/nofp/libgcc.a(_arm_addsubsf3.o)
                0x000000000040099c                __aeabi_frsub
                0x00000000004009a4                __subsf3
                0x00000000004009a4                __aeabi_fsub
                0x00000000004009a8                __aeabi_fadd
                0x00000000004009a8                __addsf3
                0x0000000000400b08                __aeabi_ui2f
                0x0000000000400b08                __floatunsisf
                0x0000000000400b10                __aeabi_i2f
                0x0000000000400b10                __floatsisf
                0x0000000000400b2c                __floatundisf
                0x0000000000400b2c                __aeabi_ul2f
                0x0000000000400b3c                __floatdisf
                0x0000000000400b3c                __aeabi_l2f
 .text          0x0000000000400bb8      0x2a0 /home/crem/zephyr-sdk-0.13.1/arm-zephyr-eabi/bin/../lib/gcc/arm-zephyr-eabi/10.3.0/thumb/v7e-m/nofp/libgcc.a(_arm_muldivsf3.o)
                0x0000000000400bb8                __mulsf3
                0x0000000000400bb8                __aeabi_fmul
                0x0000000000400d20                __divsf3
                0x0000000000400d20                __aeabi_fdiv
 .text          0x0000000000400e58       0x4c /home/crem/zephyr-sdk-0.13.1/arm-zephyr-eabi/bin/../lib/gcc/arm-zephyr-eabi/10.3.0/thumb/v7e-m/nofp/libgcc.a(_arm_fixsfsi.o)
                0x0000000000400e58                __fixsfsi
                0x0000000000400e58                __aeabi_f2iz
 .text          0x0000000000400ea4       0x40 /home/crem/zephyr-sdk-0.13.1/arm-zephyr-eabi/bin/../lib/gcc/arm-zephyr-eabi/10.3.0/thumb/v7e-m/nofp/libgcc.a(_arm_fixunssfsi.o)
                0x0000000000400ea4                __aeabi_f2uiz
                0x0000000000400ea4                __fixunssfsi
 .text          0x0000000000400ee4       0x30 /home/crem/zephyr-sdk-0.13.1/arm-zephyr-eabi/bin/../lib/gcc/arm-zephyr-eabi/10.3.0/thumb/v7e-m/nofp/libgcc.a(_aeabi_uldivmod.o)
                0x0000000000400ee4                __aeabi_uldivmod
 .text          0x0000000000400f14        0x4 /home/crem/zephyr-sdk-0.13.1/arm-zephyr-eabi/bin/../lib/gcc/arm-zephyr-eabi/10.3.0/thumb/v7e-m/nofp/libgcc.a(_dvmd_tls.o)
                0x0000000000400f14                __aeabi_ldiv0
                0x0000000000400f14                __aeabi_idiv0
 .text          0x0000000000400f18      0x2a6 /home/crem/zephyr-sdk-0.13.1/arm-zephyr-eabi/bin/../lib/gcc/arm-zephyr-eabi/10.3.0/thumb/v7e-m/nofp/libgcc.a(_udivmoddi4.o)
                0x0000000000400f18                __udivmoddi4
 *(SORT_BY_ALIGNMENT(.text.*))
 *fill*         0x00000000004011be        0x2 
 .text.main     0x00000000004011c0      0x1e8 app/libapp.a(main.c.obj)
                0x00000000004011c0                main
 .text.cbvprintf_package
                0x00000000004013a8      0x414 zephyr/libzephyr.a(cbprintf_packaged.c.obj)
                0x00000000004013a8                cbvprintf_package
 .text.char_out
                0x00000000004017bc       0x10 zephyr/libzephyr.a(printk.c.obj)
 .text.__printk_hook_install
                0x00000000004017cc        0xc zephyr/libzephyr.a(printk.c.obj)
                0x00000000004017cc                __printk_hook_install
 .text.vprintk  0x00000000004017d8       0x1c zephyr/libzephyr.a(printk.c.obj)
                0x00000000004017d8                vprintk
 .text.vsnprintk
                0x00000000004017f4       0x28 zephyr/libzephyr.a(printk.c.obj)
                0x00000000004017f4                vsnprintk
 .text.cbvprintf
                0x000000000040181c      0x784 zephyr/libzephyr.a(cbprintf_complete.c.obj)
                0x000000000040181c                cbvprintf
 .text.atmel_same70_init
                0x0000000000401fa0      0x17c zephyr/libzephyr.a(soc.c.obj)
 .text.atmel_same70_config
                0x000000000040211c       0x24 zephyr/libzephyr.a(soc_config.c.obj)
 .text.soc_pmc_peripheral_enable
                0x0000000000402140       0x2c zephyr/libzephyr.a(soc_pmc.c.obj)
                0x0000000000402140                soc_pmc_peripheral_enable
 .text.enable_logger
                0x000000000040216c       0x5c zephyr/libzephyr.a(log_core.c.obj)
 .text.log_process_thread_timer_expiry_fn
                0x00000000004021c8        0xc zephyr/libzephyr.a(log_core.c.obj)
 .text.log_init
                0x00000000004021d4       0x58 zephyr/libzephyr.a(log_core.c.obj)
                0x00000000004021d4                log_init
 .text.z_log_notify_backend_enabled
                0x000000000040222c       0x1c zephyr/libzephyr.a(log_core.c.obj)
                0x000000000040222c                z_log_notify_backend_enabled
 .text.z_log_dropped
                0x0000000000402248       0x3c zephyr/libzephyr.a(log_core.c.obj)
                0x0000000000402248                z_log_dropped
 .text.z_log_dropped_read_and_clear
                0x0000000000402284       0x20 zephyr/libzephyr.a(log_core.c.obj)
                0x0000000000402284                z_log_dropped_read_and_clear
 .text.dropped_notify
                0x00000000004022a4       0x38 zephyr/libzephyr.a(log_core.c.obj)
                0x00000000004022a4                dropped_notify
 .text.z_log_msg2_init
                0x00000000004022dc       0x10 zephyr/libzephyr.a(log_core.c.obj)
                0x00000000004022dc                z_log_msg2_init
 .text.log_core_init
                0x00000000004022ec       0x34 zephyr/libzephyr.a(log_core.c.obj)
                0x00000000004022ec                log_core_init
 .text.z_log_msg2_alloc
                0x0000000000402320       0x10 zephyr/libzephyr.a(log_core.c.obj)
                0x0000000000402320                z_log_msg2_alloc
 .text.z_log_msg2_claim
                0x0000000000402330        0xc zephyr/libzephyr.a(log_core.c.obj)
                0x0000000000402330                z_log_msg2_claim
 .text.z_log_msg2_free
                0x000000000040233c        0xc zephyr/libzephyr.a(log_core.c.obj)
                0x000000000040233c                z_log_msg2_free
 .text.z_log_msg2_pending
                0x0000000000402348        0xc zephyr/libzephyr.a(log_core.c.obj)
                0x0000000000402348                z_log_msg2_pending
 .text.z_impl_log_process
                0x0000000000402354       0x8c zephyr/libzephyr.a(log_core.c.obj)
                0x0000000000402354                z_impl_log_process
 .text.log_process_thread_func
                0x00000000004023e0       0x48 zephyr/libzephyr.a(log_core.c.obj)
 .text.z_log_msg_post_finalize
                0x0000000000402428       0x8c zephyr/libzephyr.a(log_core.c.obj)
 .text.z_log_msg2_commit
                0x00000000004024b4       0x24 zephyr/libzephyr.a(log_core.c.obj)
                0x00000000004024b4                z_log_msg2_commit
 .text.z_impl_log_panic
                0x00000000004024d8       0x48 zephyr/libzephyr.a(log_core.c.obj)
                0x00000000004024d8                z_impl_log_panic
 .text.log_source_name_get
                0x0000000000402520       0x1c zephyr/libzephyr.a(log_mgmt.c.obj)
                0x0000000000402520                log_source_name_get
 .text.log_backend_enable
                0x000000000040253c       0x1c zephyr/libzephyr.a(log_mgmt.c.obj)
                0x000000000040253c                log_backend_enable
 .text.print_formatted
                0x0000000000402558       0x24 zephyr/libzephyr.a(log_output.c.obj)
 .text.hexdump_line_print
                0x000000000040257c       0xdc zephyr/libzephyr.a(log_output.c.obj)
 .text.prefix_print
                0x0000000000402658      0x148 zephyr/libzephyr.a(log_output.c.obj)
 .text.postfix_print
                0x00000000004027a0       0x3c zephyr/libzephyr.a(log_output.c.obj)
 .text.log_output_msg2_process
                0x00000000004027dc       0xc0 zephyr/libzephyr.a(log_output.c.obj)
                0x00000000004027dc                log_output_msg2_process
 .text.log_output_dropped_process
                0x000000000040289c       0x58 zephyr/libzephyr.a(log_output.c.obj)
                0x000000000040289c                log_output_dropped_process
 .text.log_output_timestamp_freq_set
                0x00000000004028f4       0x30 zephyr/libzephyr.a(log_output.c.obj)
                0x00000000004028f4                log_output_timestamp_freq_set
 .text.z_impl_z_log_msg2_runtime_vcreate
                0x0000000000402924       0x98 zephyr/libzephyr.a(log_msg2.c.obj)
                0x0000000000402924                z_impl_z_log_msg2_runtime_vcreate
 .text.char_out
                0x00000000004029bc       0x24 zephyr/libzephyr.a(log_backend_uart.c.obj)
 .text.log_backend_uart_init
                0x00000000004029e0       0x10 zephyr/libzephyr.a(log_backend_uart.c.obj)
 .text.panic    0x00000000004029f0       0x14 zephyr/libzephyr.a(log_backend_uart.c.obj)
 .text.dropped  0x0000000000402a04        0xc zephyr/libzephyr.a(log_backend_uart.c.obj)
 .text.process  0x0000000000402a10        0xc zephyr/libzephyr.a(log_backend_uart.c.obj)
 .text.z_arm_cpu_idle_init
                0x0000000000402a1c        0xc zephyr/arch/arch/arm/core/aarch32/libarch__arm__core__aarch32.a(cpu_idle.S.obj)
                0x0000000000402a1c                z_arm_cpu_idle_init
 .text.arch_cpu_idle
                0x0000000000402a28       0x1c zephyr/arch/arch/arm/core/aarch32/libarch__arm__core__aarch32.a(cpu_idle.S.obj)
                0x0000000000402a28                arch_cpu_idle
 .text.z_arm_fatal_error
                0x0000000000402a44       0xcc zephyr/arch/arch/arm/core/aarch32/libarch__arm__core__aarch32.a(fatal.c.obj)
                0x0000000000402a44                z_arm_fatal_error
 .text.arch_irq_enable
                0x0000000000402b10       0x20 zephyr/arch/arch/arm/core/aarch32/libarch__arm__core__aarch32.a(irq_manage.c.obj)
                0x0000000000402b10                arch_irq_enable
 .text.z_arm_irq_priority_set
                0x0000000000402b30       0x2c zephyr/arch/arch/arm/core/aarch32/libarch__arm__core__aarch32.a(irq_manage.c.obj)
                0x0000000000402b30                z_arm_irq_priority_set
 .text.z_SysNmiOnReset
                0x0000000000402b5c        0x8 zephyr/arch/arch/arm/core/aarch32/libarch__arm__core__aarch32.a(nmi_on_reset.S.obj)
                0x0000000000402b5c                z_SysNmiOnReset
 .text.z_arm_prep_c
                0x0000000000402b64       0x48 zephyr/arch/arch/arm/core/aarch32/libarch__arm__core__aarch32.a(prep_c.c.obj)
                0x0000000000402b64                z_arm_prep_c
 .text.arch_swap
                0x0000000000402bac       0x34 zephyr/arch/arch/arm/core/aarch32/libarch__arm__core__aarch32.a(swap.c.obj)
                0x0000000000402bac                arch_swap
 .text.z_arm_pendsv
                0x0000000000402be0       0x54 zephyr/arch/arch/arm/core/aarch32/libarch__arm__core__aarch32.a(swap_helper.S.obj)
                0x0000000000402be0                z_arm_pendsv
 .text.z_arm_svc
                0x0000000000402c34       0x20 zephyr/arch/arch/arm/core/aarch32/libarch__arm__core__aarch32.a(swap_helper.S.obj)
                0x0000000000402c34                z_arm_svc
 .text.arch_new_thread
                0x0000000000402c54       0x2c zephyr/arch/arch/arm/core/aarch32/libarch__arm__core__aarch32.a(thread.c.obj)
                0x0000000000402c54                arch_new_thread
 .text.z_check_thread_stack_fail
                0x0000000000402c80       0x2c zephyr/arch/arch/arm/core/aarch32/libarch__arm__core__aarch32.a(thread.c.obj)
                0x0000000000402c80                z_check_thread_stack_fail
 .text.arch_switch_to_main_thread
                0x0000000000402cac       0x2c zephyr/arch/arch/arm/core/aarch32/libarch__arm__core__aarch32.a(thread.c.obj)
                0x0000000000402cac                arch_switch_to_main_thread
 .text._isr_wrapper
                0x0000000000402cd8       0x28 zephyr/arch/arch/arm/core/aarch32/libarch__arm__core__aarch32.a(isr_wrapper.S.obj)
                0x0000000000402cd8                _isr_wrapper
 .text._HandlerModeExit
                0x0000000000402d00       0x1c zephyr/arch/arch/arm/core/aarch32/cortex_m/libarch__arm__core__aarch32__cortex_m.a(exc_exit.S.obj)
                0x0000000000402d00                z_arm_exc_exit
                0x0000000000402d00                z_arm_int_exit
 .text.bus_fault.constprop.0
                0x0000000000402d1c      0x120 zephyr/arch/arch/arm/core/aarch32/cortex_m/libarch__arm__core__aarch32__cortex_m.a(fault.c.obj)
 .text.usage_fault.constprop.0
                0x0000000000402e3c      0x104 zephyr/arch/arch/arm/core/aarch32/cortex_m/libarch__arm__core__aarch32__cortex_m.a(fault.c.obj)
 .text.mem_manage_fault
                0x0000000000402f40      0x14c zephyr/arch/arch/arm/core/aarch32/cortex_m/libarch__arm__core__aarch32__cortex_m.a(fault.c.obj)
 .text.z_log_msg2_runtime_create.constprop.0
                0x000000000040308c       0x24 zephyr/arch/arch/arm/core/aarch32/cortex_m/libarch__arm__core__aarch32__cortex_m.a(fault.c.obj)
 .text.z_arm_fault
                0x00000000004030b0      0x1f8 zephyr/arch/arch/arm/core/aarch32/cortex_m/libarch__arm__core__aarch32__cortex_m.a(fault.c.obj)
                0x00000000004030b0                z_arm_fault
 .text.z_arm_fault_init
                0x00000000004032a8       0x10 zephyr/arch/arch/arm/core/aarch32/cortex_m/libarch__arm__core__aarch32__cortex_m.a(fault.c.obj)
                0x00000000004032a8                z_arm_fault_init
 .text.__fault  0x00000000004032b8       0x14 zephyr/arch/arch/arm/core/aarch32/cortex_m/libarch__arm__core__aarch32__cortex_m.a(fault_s.S.obj)
                0x00000000004032b8                z_arm_bus_fault
                0x00000000004032b8                z_arm_usage_fault
                0x00000000004032b8                z_arm_mpu_fault
                0x00000000004032b8                z_arm_exc_spurious
                0x00000000004032b8                z_arm_debug_monitor
                0x00000000004032b8                z_arm_hard_fault
 .text.z_arm_interrupt_init
                0x00000000004032cc       0x18 zephyr/arch/arch/arm/core/aarch32/cortex_m/libarch__arm__core__aarch32__cortex_m.a(irq_init.c.obj)
                0x00000000004032cc                z_arm_interrupt_init
 .text._reset_section
                0x00000000004032e4       0x2c zephyr/arch/arch/arm/core/aarch32/cortex_m/libarch__arm__core__aarch32__cortex_m.a(reset.S.obj)
                0x00000000004032e4                z_arm_reset
                0x00000000004032e4                __start
 .text.z_impl_k_thread_abort
                0x0000000000403310       0x24 zephyr/arch/arch/arm/core/aarch32/cortex_m/libarch__arm__core__aarch32__cortex_m.a(thread_abort.c.obj)
                0x0000000000403310                z_impl_k_thread_abort
 .text.z_arm_configure_static_mpu_regions
                0x0000000000403334       0x18 zephyr/arch/arch/arm/core/aarch32/mpu/libarch__arm__core__aarch32__mpu.a(arm_core_mpu.c.obj)
                0x0000000000403334                z_arm_configure_static_mpu_regions
 .text.z_arm_configure_dynamic_mpu_regions
                0x000000000040334c       0x20 zephyr/arch/arch/arm/core/aarch32/mpu/libarch__arm__core__aarch32__mpu.a(arm_core_mpu.c.obj)
                0x000000000040334c                z_arm_configure_dynamic_mpu_regions
 .text.mpu_configure_regions
                0x000000000040336c       0xb8 zephyr/arch/arch/arm/core/aarch32/mpu/libarch__arm__core__aarch32__mpu.a(arm_mpu.c.obj)
 .text.arm_core_mpu_enable
                0x0000000000403424       0x18 zephyr/arch/arch/arm/core/aarch32/mpu/libarch__arm__core__aarch32__mpu.a(arm_mpu.c.obj)
                0x0000000000403424                arm_core_mpu_enable
 .text.arm_core_mpu_disable
                0x000000000040343c       0x14 zephyr/arch/arch/arm/core/aarch32/mpu/libarch__arm__core__aarch32__mpu.a(arm_mpu.c.obj)
                0x000000000040343c                arm_core_mpu_disable
 .text.arm_core_mpu_configure_static_mpu_regions
                0x0000000000403450       0x14 zephyr/arch/arch/arm/core/aarch32/mpu/libarch__arm__core__aarch32__mpu.a(arm_mpu.c.obj)
                0x0000000000403450                arm_core_mpu_configure_static_mpu_regions
 .text.arm_core_mpu_configure_dynamic_mpu_regions
                0x0000000000403464       0x30 zephyr/arch/arch/arm/core/aarch32/mpu/libarch__arm__core__aarch32__mpu.a(arm_mpu.c.obj)
                0x0000000000403464                arm_core_mpu_configure_dynamic_mpu_regions
 .text.z_arm_mpu_init
                0x0000000000403494       0x60 zephyr/arch/arch/arm/core/aarch32/mpu/libarch__arm__core__aarch32__mpu.a(arm_mpu.c.obj)
                0x0000000000403494                z_arm_mpu_init
 .text.__stdout_hook_install
                0x00000000004034f4        0xc zephyr/lib/libc/minimal/liblib__libc__minimal.a(stdout_console.c.obj)
                0x00000000004034f4                __stdout_hook_install
 .text.uart_console_init
                0x0000000000403500       0x30 zephyr/drivers/console/libdrivers__console.a(uart_console.c.obj)
 .text.console_out
                0x0000000000403530       0x28 zephyr/drivers/console/libdrivers__console.a(uart_console.c.obj)
 .text.i2c_sam_twihs_configure
                0x0000000000403558       0xcc zephyr/drivers/i2c/libdrivers__i2c.a(i2c_sam_twihs.c.obj)
 .text.i2c_sam_twihs_initialize
                0x0000000000403624       0xe8 zephyr/drivers/i2c/libdrivers__i2c.a(i2c_sam_twihs.c.obj)
 .text.wdt_sam_setup
                0x000000000040370c       0x64 zephyr/drivers/watchdog/libdrivers__watchdog.a(wdt_sam.c.obj)
 .text.wdt_sam_convert_timeout
                0x0000000000403770       0x70 zephyr/drivers/watchdog/libdrivers__watchdog.a(wdt_sam.c.obj)
                0x0000000000403770                wdt_sam_convert_timeout
 .text.wdt_sam_install_timeout
                0x00000000004037e0       0xc0 zephyr/drivers/watchdog/libdrivers__watchdog.a(wdt_sam.c.obj)
 .text.can_calc_timing_int
                0x00000000004038a0      0x120 zephyr/drivers/can/libdrivers__can.a(can_common.c.obj)
 .text.can_mcan_get_message
                0x00000000004039c0      0x1a4 zephyr/drivers/can/libdrivers__can.a(can_mcan.c.obj)
 .text.can_mcan_configure_timing
                0x0000000000403b64       0x84 zephyr/drivers/can/libdrivers__can.a(can_mcan.c.obj)
                0x0000000000403b64                can_mcan_configure_timing
 .text.can_mcan_set_timing
                0x0000000000403be8       0x68 zephyr/drivers/can/libdrivers__can.a(can_mcan.c.obj)
                0x0000000000403be8                can_mcan_set_timing
 .text.can_mcan_set_mode
                0x0000000000403c50       0xb8 zephyr/drivers/can/libdrivers__can.a(can_mcan.c.obj)
                0x0000000000403c50                can_mcan_set_mode
 .text.can_mcan_init
                0x0000000000403d08      0x278 zephyr/drivers/can/libdrivers__can.a(can_mcan.c.obj)
                0x0000000000403d08                can_mcan_init
 .text.can_mcan_line_1_isr
                0x0000000000403f80       0xa8 zephyr/drivers/can/libdrivers__can.a(can_mcan.c.obj)
                0x0000000000403f80                can_mcan_line_1_isr
 .text.can_mcan_line_0_isr
                0x0000000000404028      0x148 zephyr/drivers/can/libdrivers__can.a(can_mcan.c.obj)
                0x0000000000404028                can_mcan_line_0_isr
 .text.can_mcan_send
                0x0000000000404170      0x200 zephyr/drivers/can/libdrivers__can.a(can_mcan.c.obj)
                0x0000000000404170                can_mcan_send
 .text.can_mcan_add_rx_filter_std
                0x0000000000404370      0x110 zephyr/drivers/can/libdrivers__can.a(can_mcan.c.obj)
                0x0000000000404370                can_mcan_add_rx_filter_std
 .text.can_mcan_add_rx_filter
                0x0000000000404480      0x140 zephyr/drivers/can/libdrivers__can.a(can_mcan.c.obj)
                0x0000000000404480                can_mcan_add_rx_filter
 .text.can_mcan_remove_rx_filter
                0x00000000004045c0       0xa8 zephyr/drivers/can/libdrivers__can.a(can_mcan.c.obj)
                0x00000000004045c0                can_mcan_remove_rx_filter
 .text.can_sam_get_core_clock
                0x0000000000404668        0xc zephyr/drivers/can/libdrivers__can.a(can_sam.c.obj)
 .text.can_sam_init
                0x0000000000404674       0x50 zephyr/drivers/can/libdrivers__can.a(can_sam.c.obj)
 .text.uart_sam_init
                0x00000000004046c4       0x54 zephyr/drivers/serial/libdrivers__serial.a(uart_sam.c.obj)
 .text.elapsed  0x0000000000404718       0x3c zephyr/drivers/timer/libdrivers__timer.a(cortex_m_systick.c.obj)
 .text.sys_clock_driver_init
                0x0000000000404754       0x34 zephyr/drivers/timer/libdrivers__timer.a(cortex_m_systick.c.obj)
 .text.sys_clock_isr
                0x0000000000404788       0x44 zephyr/drivers/timer/libdrivers__timer.a(cortex_m_systick.c.obj)
                0x0000000000404788                sys_clock_isr
 .text.sys_clock_set_timeout
                0x00000000004047cc       0xe4 zephyr/drivers/timer/libdrivers__timer.a(cortex_m_systick.c.obj)
                0x00000000004047cc                sys_clock_set_timeout
 .text.sys_clock_elapsed
                0x00000000004048b0       0x3c zephyr/drivers/timer/libdrivers__timer.a(cortex_m_systick.c.obj)
                0x00000000004048b0                sys_clock_elapsed
 .text.sys_clock_cycle_get_32
                0x00000000004048ec       0x2c zephyr/drivers/timer/libdrivers__timer.a(cortex_m_systick.c.obj)
                0x00000000004048ec                sys_clock_cycle_get_32
 .text.z_sys_init_run_level
                0x0000000000404918       0x40 zephyr/kernel/libkernel.a(device.c.obj)
                0x0000000000404918                z_sys_init_run_level
 .text.k_sys_fatal_error_handler
                0x0000000000404958       0x30 zephyr/kernel/libkernel.a(fatal.c.obj)
                0x0000000000404958                k_sys_fatal_error_handler
 .text.z_fatal_error
                0x0000000000404988       0xd0 zephyr/kernel/libkernel.a(fatal.c.obj)
                0x0000000000404988                z_fatal_error
 .text.init_idle_thread
                0x0000000000404a58       0x58 zephyr/kernel/libkernel.a(init.c.obj)
 .text.bg_thread_main
                0x0000000000404ab0       0x34 zephyr/kernel/libkernel.a(init.c.obj)
 .text.z_bss_zero
                0x0000000000404ae4       0x14 zephyr/kernel/libkernel.a(init.c.obj)
                0x0000000000404ae4                z_bss_zero
 .text.z_cstart
                0x0000000000404af8       0xe0 zephyr/kernel/libkernel.a(init.c.obj)
                0x0000000000404af8                z_cstart
 .text.init_mem_slab_module
                0x0000000000404bd8       0x44 zephyr/kernel/libkernel.a(mem_slab.c.obj)
 .text.z_setup_new_thread
                0x0000000000404c1c       0x64 zephyr/kernel/libkernel.a(thread.c.obj)
                0x0000000000404c1c                z_setup_new_thread
 .text.z_impl_k_thread_create
                0x0000000000404c80       0x58 zephyr/kernel/libkernel.a(thread.c.obj)
                0x0000000000404c80                z_impl_k_thread_create
 .text.z_init_static_threads
                0x0000000000404cd8       0x94 zephyr/kernel/libkernel.a(thread.c.obj)
                0x0000000000404cd8                z_init_static_threads
 .text.z_impl_k_mutex_lock
                0x0000000000404d6c       0xf0 zephyr/kernel/libkernel.a(mutex.c.obj)
                0x0000000000404d6c                z_impl_k_mutex_lock
 .text.z_impl_k_mutex_unlock
                0x0000000000404e5c       0x84 zephyr/kernel/libkernel.a(mutex.c.obj)
                0x0000000000404e5c                z_impl_k_mutex_unlock
 .text.z_impl_k_sem_give
                0x0000000000404ee0       0x40 zephyr/kernel/libkernel.a(sem.c.obj)
                0x0000000000404ee0                z_impl_k_sem_give
 .text.z_impl_k_sem_take
                0x0000000000404f20       0x50 zephyr/kernel/libkernel.a(sem.c.obj)
                0x0000000000404f20                z_impl_k_sem_take
 .text.work_queue_main
                0x0000000000404f70      0x12c zephyr/kernel/libkernel.a(work.c.obj)
 .text.k_work_queue_start
                0x000000000040509c       0x70 zephyr/kernel/libkernel.a(work.c.obj)
                0x000000000040509c                k_work_queue_start
 .text.z_reset_time_slice
                0x000000000040510c       0x2c zephyr/kernel/libkernel.a(sched.c.obj)
                0x000000000040510c                z_reset_time_slice
 .text.k_sched_time_slice_set
                0x0000000000405138       0x50 zephyr/kernel/libkernel.a(sched.c.obj)
                0x0000000000405138                k_sched_time_slice_set
 .text.z_reschedule
                0x0000000000405188       0x24 zephyr/kernel/libkernel.a(sched.c.obj)
                0x0000000000405188                z_reschedule
 .text.k_sched_lock
                0x00000000004051ac       0x28 zephyr/kernel/libkernel.a(sched.c.obj)
                0x00000000004051ac                k_sched_lock
 .text.update_cache
                0x00000000004051d4       0x40 zephyr/kernel/libkernel.a(sched.c.obj)
 .text.move_thread_to_end_of_prio_q
                0x0000000000405214       0x74 zephyr/kernel/libkernel.a(sched.c.obj)
 .text.z_time_slice
                0x0000000000405288       0x80 zephyr/kernel/libkernel.a(sched.c.obj)
                0x0000000000405288                z_time_slice
 .text.ready_thread
                0x0000000000405308       0x6c zephyr/kernel/libkernel.a(sched.c.obj)
 .text.z_sched_start
                0x0000000000405374       0x3c zephyr/kernel/libkernel.a(sched.c.obj)
                0x0000000000405374                z_sched_start
 .text.unready_thread
                0x00000000004053b0       0x30 zephyr/kernel/libkernel.a(sched.c.obj)
 .text.pend     0x00000000004053e0       0x4c zephyr/kernel/libkernel.a(sched.c.obj)
 .text.z_pend_curr
                0x000000000040542c       0x28 zephyr/kernel/libkernel.a(sched.c.obj)
                0x000000000040542c                z_pend_curr
 .text.z_set_prio
                0x0000000000405454       0x90 zephyr/kernel/libkernel.a(sched.c.obj)
                0x0000000000405454                z_set_prio
 .text.z_impl_k_thread_suspend
                0x00000000004054e4       0x64 zephyr/kernel/libkernel.a(sched.c.obj)
                0x00000000004054e4                z_impl_k_thread_suspend
 .text.k_sched_unlock
                0x0000000000405548       0x38 zephyr/kernel/libkernel.a(sched.c.obj)
                0x0000000000405548                k_sched_unlock
 .text.z_sched_init
                0x0000000000405580       0x18 zephyr/kernel/libkernel.a(sched.c.obj)
                0x0000000000405580                z_sched_init
 .text.z_impl_k_yield
                0x0000000000405598       0x80 zephyr/kernel/libkernel.a(sched.c.obj)
                0x0000000000405598                z_impl_k_yield
 .text.z_tick_sleep
                0x0000000000405618       0x90 zephyr/kernel/libkernel.a(sched.c.obj)
 .text.z_impl_k_sleep
                0x00000000004056a8       0x30 zephyr/kernel/libkernel.a(sched.c.obj)
                0x00000000004056a8                z_impl_k_sleep
 .text.z_impl_z_current_get
                0x00000000004056d8        0xc zephyr/kernel/libkernel.a(sched.c.obj)
                0x00000000004056d8                z_impl_z_current_get
 .text.z_thread_abort
                0x00000000004056e4       0xa4 zephyr/kernel/libkernel.a(sched.c.obj)
                0x00000000004056e4                z_thread_abort
 .text.z_sched_wait
                0x0000000000405788       0x24 zephyr/kernel/libkernel.a(sched.c.obj)
                0x0000000000405788                z_sched_wait
 .text.z_data_copy
                0x00000000004057ac       0x34 zephyr/kernel/libkernel.a(xip.c.obj)
                0x00000000004057ac                z_data_copy
 .text.elapsed  0x00000000004057e0       0x14 zephyr/kernel/libkernel.a(timeout.c.obj)
 .text.next_timeout
                0x00000000004057f4       0x50 zephyr/kernel/libkernel.a(timeout.c.obj)
 .text.remove_timeout
                0x0000000000405844       0x34 zephyr/kernel/libkernel.a(timeout.c.obj)
 .text.z_add_timeout
                0x0000000000405878       0xf4 zephyr/kernel/libkernel.a(timeout.c.obj)
                0x0000000000405878                z_add_timeout
 .text.sys_clock_announce
                0x000000000040596c       0xb8 zephyr/kernel/libkernel.a(timeout.c.obj)
                0x000000000040596c                sys_clock_announce
 .text.sys_clock_tick_get
                0x0000000000405a24       0x30 zephyr/kernel/libkernel.a(timeout.c.obj)
                0x0000000000405a24                sys_clock_tick_get
 .text.z_timer_expiration_handler
                0x0000000000405a54       0x8c zephyr/kernel/libkernel.a(timer.c.obj)
                0x0000000000405a54                z_timer_expiration_handler
 .text.z_impl_k_timer_start
                0x0000000000405ae0       0xa4 zephyr/kernel/libkernel.a(timer.c.obj)
                0x0000000000405ae0                z_impl_k_timer_start
 .text.boot_banner
                0x0000000000405b84       0x18 zephyr/kernel/libkernel.a(banner.c.obj)
                0x0000000000405b84                boot_banner
 .text.statics_init
                0x0000000000405b9c       0x24 zephyr/kernel/libkernel.a(kheap.c.obj)
 .text.k_sys_work_q_init
                0x0000000000405bc0       0x34 zephyr/kernel/libkernel.a(system_work_q.c.obj)
 .text._OffsetAbsSyms
                0x0000000000405bf4        0x2 zephyr/CMakeFiles/offsets.dir/./arch/arm/core/offsets/offsets.c.obj
                0x0000000000405bf4                _OffsetAbsSyms
 .text.cbpprintf
                0x0000000000405bf6       0x54 zephyr/libzephyr.a(cbprintf_packaged.c.obj)
                0x0000000000405bf6                cbpprintf
 .text.arch_printk_char_out
                0x0000000000405c4a        0x4 zephyr/libzephyr.a(printk.c.obj)
                0x0000000000405c4a                arch_printk_char_out
 .text.str_out  0x0000000000405c4e       0x24 zephyr/libzephyr.a(printk.c.obj)
 .text.printk   0x0000000000405c72       0x1a zephyr/libzephyr.a(printk.c.obj)
                0x0000000000405c72                printk
 .text.snprintk
                0x0000000000405c8c       0x1a zephyr/libzephyr.a(printk.c.obj)
                0x0000000000405c8c                snprintk
 .text.z_thread_entry
                0x0000000000405ca6       0x14 zephyr/libzephyr.a(thread_entry.c.obj)
                0x0000000000405ca6                z_thread_entry
 .text.chunk_field
                0x0000000000405cba       0x16 zephyr/libzephyr.a(heap.c.obj)
 .text.chunk_set
                0x0000000000405cd0       0x16 zephyr/libzephyr.a(heap.c.obj)
 .text.chunk_size
                0x0000000000405ce6        0xc zephyr/libzephyr.a(heap.c.obj)
 .text.set_chunk_used
                0x0000000000405cf2       0x30 zephyr/libzephyr.a(heap.c.obj)
 .text.set_chunk_size
                0x0000000000405d22        0x8 zephyr/libzephyr.a(heap.c.obj)
 .text.bucket_idx.isra.0
                0x0000000000405d2a       0x1e zephyr/libzephyr.a(heap.c.obj)
 .text.free_list_add
                0x0000000000405d48       0x86 zephyr/libzephyr.a(heap.c.obj)
 .text.sys_heap_init
                0x0000000000405dce       0xa4 zephyr/libzephyr.a(heap.c.obj)
                0x0000000000405dce                sys_heap_init
 .text.encode_uint
                0x0000000000405e72       0x8c zephyr/libzephyr.a(cbprintf_complete.c.obj)
 .text.outs     0x0000000000405efe       0x2c zephyr/libzephyr.a(cbprintf_complete.c.obj)
 .text.free_space
                0x0000000000405f2a       0x2a zephyr/libzephyr.a(mpsc_pbuf.c.obj)
 .text.idx_inc  0x0000000000405f54       0x1c zephyr/libzephyr.a(mpsc_pbuf.c.obj)
 .text.add_skip_item
                0x0000000000405f70       0x2c zephyr/libzephyr.a(mpsc_pbuf.c.obj)
 .text.drop_item_locked
                0x0000000000405f9c       0xb4 zephyr/libzephyr.a(mpsc_pbuf.c.obj)
 .text.mpsc_pbuf_init
                0x0000000000406050       0x3e zephyr/libzephyr.a(mpsc_pbuf.c.obj)
                0x0000000000406050                mpsc_pbuf_init
 .text.mpsc_pbuf_alloc
                0x000000000040608e       0xec zephyr/libzephyr.a(mpsc_pbuf.c.obj)
                0x000000000040608e                mpsc_pbuf_alloc
 .text.mpsc_pbuf_commit
                0x000000000040617a       0x3a zephyr/libzephyr.a(mpsc_pbuf.c.obj)
                0x000000000040617a                mpsc_pbuf_commit
 .text.mpsc_pbuf_claim
                0x00000000004061b4       0x98 zephyr/libzephyr.a(mpsc_pbuf.c.obj)
                0x00000000004061b4                mpsc_pbuf_claim
 .text.mpsc_pbuf_free
                0x000000000040624c       0x68 zephyr/libzephyr.a(mpsc_pbuf.c.obj)
                0x000000000040624c                mpsc_pbuf_free
 .text.mpsc_pbuf_is_pending
                0x00000000004062b4       0x16 zephyr/libzephyr.a(mpsc_pbuf.c.obj)
                0x00000000004062b4                mpsc_pbuf_is_pending
 .text._ConfigAbsSyms
                0x00000000004062ca        0x2 zephyr/libzephyr.a(configs.c.obj)
                0x00000000004062ca                _ConfigAbsSyms
 .text.soc_gpio_configure
                0x00000000004062cc       0xf2 zephyr/libzephyr.a(soc_gpio.c.obj)
                0x00000000004062cc                soc_gpio_configure
 .text.soc_gpio_list_configure
                0x00000000004063be       0x1a zephyr/libzephyr.a(soc_gpio.c.obj)
                0x00000000004063be                soc_gpio_list_configure
 .text.log_msg2_generic_get_wlen
                0x00000000004063d8       0x22 zephyr/libzephyr.a(log_core.c.obj)
 .text.default_lf_get_timestamp
                0x00000000004063fa       0x10 zephyr/libzephyr.a(log_core.c.obj)
 .text.dummy_timestamp
                0x000000000040640a        0x4 zephyr/libzephyr.a(log_core.c.obj)
 .text.notify_drop
                0x000000000040640e        0x6 zephyr/libzephyr.a(log_core.c.obj)
 .text.get_msg  0x0000000000406414        0x8 zephyr/libzephyr.a(log_core.c.obj)
                0x0000000000406414                get_msg
 .text.z_log_get_tag
                0x000000000040641c        0x4 zephyr/libzephyr.a(log_core.c.obj)
                0x000000000040641c                z_log_get_tag
 .text.buffer_write
                0x0000000000406420       0x1a zephyr/libzephyr.a(log_output.c.obj)
 .text.log_output_flush
                0x000000000040643a       0x1a zephyr/libzephyr.a(log_output.c.obj)
                0x000000000040643a                log_output_flush
 .text.out_func
                0x0000000000406454       0x36 zephyr/libzephyr.a(log_output.c.obj)
 .text.cr_out_func
                0x000000000040648a       0x1a zephyr/libzephyr.a(log_output.c.obj)
 .text.z_log_msg2_finalize
                0x00000000004064a4       0x36 zephyr/libzephyr.a(log_msg2.c.obj)
                0x00000000004064a4                z_log_msg2_finalize
 .text.z_impl_z_log_msg2_static_create
                0x00000000004064da       0x40 zephyr/libzephyr.a(log_msg2.c.obj)
                0x00000000004064da                z_impl_z_log_msg2_static_create
 .text.z_do_kernel_oops
                0x000000000040651a        0x8 zephyr/arch/arch/arm/core/aarch32/libarch__arm__core__aarch32.a(fatal.c.obj)
                0x000000000040651a                z_do_kernel_oops
 .text.z_irq_spurious
                0x0000000000406522        0x8 zephyr/arch/arch/arm/core/aarch32/libarch__arm__core__aarch32.a(irq_manage.c.obj)
                0x0000000000406522                z_irq_spurious
 .text.z_arm_nmi
                0x000000000040652a        0xe zephyr/arch/arch/arm/core/aarch32/libarch__arm__core__aarch32.a(nmi.c.obj)
                0x000000000040652a                z_arm_nmi
 .text.z_log_msg2_static_create.constprop.0
                0x0000000000406538        0x6 zephyr/arch/arch/arm/core/aarch32/cortex_m/libarch__arm__core__aarch32__cortex_m.a(fault.c.obj)
 .text.strlen   0x000000000040653e        0xe zephyr/lib/libc/minimal/liblib__libc__minimal.a(string.c.obj)
                0x000000000040653e                strlen
 .text.strnlen  0x000000000040654c       0x12 zephyr/lib/libc/minimal/liblib__libc__minimal.a(string.c.obj)
                0x000000000040654c                strnlen
 .text.memcpy   0x000000000040655e       0x16 zephyr/lib/libc/minimal/liblib__libc__minimal.a(string.c.obj)
                0x000000000040655e                memcpy
 .text.memset   0x0000000000406574       0x12 zephyr/lib/libc/minimal/liblib__libc__minimal.a(string.c.obj)
                0x0000000000406574                memset
 .text._stdout_hook_default
                0x0000000000406586        0x6 zephyr/lib/libc/minimal/liblib__libc__minimal.a(stdout_console.c.obj)
 .text.sam_e70_xplained_init
                0x000000000040658c        0x4 zephyr/boards/arm/psn_board_jlink/libboards__arm__psn_board_jlink.a(pinmux.c.obj)
 .text.gpio_sam_port_get_raw
                0x0000000000406590        0xc zephyr/drivers/gpio/libdrivers__gpio.a(gpio_sam.c.obj)
 .text.gpio_sam_port_set_masked_raw
                0x000000000040659c       0x12 zephyr/drivers/gpio/libdrivers__gpio.a(gpio_sam.c.obj)
 .text.gpio_sam_port_set_bits_raw
                0x00000000004065ae        0xa zephyr/drivers/gpio/libdrivers__gpio.a(gpio_sam.c.obj)
 .text.gpio_sam_port_clear_bits_raw
                0x00000000004065b8        0xa zephyr/drivers/gpio/libdrivers__gpio.a(gpio_sam.c.obj)
 .text.gpio_sam_port_toggle_bits
                0x00000000004065c2        0xe zephyr/drivers/gpio/libdrivers__gpio.a(gpio_sam.c.obj)
 .text.gpio_sam_manage_callback
                0x00000000004065d0       0x54 zephyr/drivers/gpio/libdrivers__gpio.a(gpio_sam.c.obj)
 .text.gpio_sam_init
                0x0000000000406624       0x16 zephyr/drivers/gpio/libdrivers__gpio.a(gpio_sam.c.obj)
                0x0000000000406624                gpio_sam_init
 .text.port_0_sam_config_func
                0x000000000040663a       0x16 zephyr/drivers/gpio/libdrivers__gpio.a(gpio_sam.c.obj)
 .text.port_1_sam_config_func
                0x0000000000406650       0x16 zephyr/drivers/gpio/libdrivers__gpio.a(gpio_sam.c.obj)
 .text.port_2_sam_config_func
                0x0000000000406666       0x16 zephyr/drivers/gpio/libdrivers__gpio.a(gpio_sam.c.obj)
 .text.port_3_sam_config_func
                0x000000000040667c       0x16 zephyr/drivers/gpio/libdrivers__gpio.a(gpio_sam.c.obj)
 .text.port_4_sam_config_func
                0x0000000000406692       0x16 zephyr/drivers/gpio/libdrivers__gpio.a(gpio_sam.c.obj)
 .text.gpio_sam_pin_interrupt_configure
                0x00000000004066a8       0x54 zephyr/drivers/gpio/libdrivers__gpio.a(gpio_sam.c.obj)
 .text.gpio_sam_config
                0x00000000004066fc       0x6c zephyr/drivers/gpio/libdrivers__gpio.a(gpio_sam.c.obj)
 .text.gpio_sam_isr
                0x0000000000406768       0x28 zephyr/drivers/gpio/libdrivers__gpio.a(gpio_sam.c.obj)
 .text.i2c0_sam_irq_config
                0x0000000000406790        0xa zephyr/drivers/i2c/libdrivers__i2c.a(i2c_sam_twihs.c.obj)
 .text.i2c_sam_twihs_isr
                0x000000000040679a       0x6e zephyr/drivers/i2c/libdrivers__i2c.a(i2c_sam_twihs.c.obj)
 .text.z_log_msg2_runtime_create.constprop.0
                0x0000000000406808       0x1c zephyr/drivers/i2c/libdrivers__i2c.a(i2c_sam_twihs.c.obj)
 .text.i2c_sam_twihs_transfer
                0x0000000000406824       0x9c zephyr/drivers/i2c/libdrivers__i2c.a(i2c_sam_twihs.c.obj)
 .text.wdt_sam_isr
                0x00000000004068c0        0xe zephyr/drivers/watchdog/libdrivers__watchdog.a(wdt_sam.c.obj)
 .text.wdt_sam_disable
                0x00000000004068ce       0x1e zephyr/drivers/watchdog/libdrivers__watchdog.a(wdt_sam.c.obj)
 .text.wdt_sam_feed
                0x00000000004068ec       0x14 zephyr/drivers/watchdog/libdrivers__watchdog.a(wdt_sam.c.obj)
 .text.wdt_sam_init
                0x0000000000406900       0x1a zephyr/drivers/watchdog/libdrivers__watchdog.a(wdt_sam.c.obj)
 .text.can_get_core_clock
                0x000000000040691a        0x6 zephyr/drivers/can/libdrivers__can.a(can_common.c.obj)
 .text.can_calc_timing
                0x0000000000406920       0x2c zephyr/drivers/can/libdrivers__can.a(can_common.c.obj)
                0x0000000000406920                can_calc_timing
 .text.can_calc_timing_data
                0x000000000040694c       0x2c zephyr/drivers/can/libdrivers__can.a(can_common.c.obj)
                0x000000000040694c                can_calc_timing_data
 .text.can_calc_prescaler
                0x0000000000406978       0x3e zephyr/drivers/can/libdrivers__can.a(can_common.c.obj)
                0x0000000000406978                can_calc_prescaler
 .text.memcpy32_volatile
                0x00000000004069b6       0x16 zephyr/drivers/can/libdrivers__can.a(can_mcan.c.obj)
 .text.z_log_msg2_static_create.constprop.0
                0x00000000004069cc        0x6 zephyr/drivers/can/libdrivers__can.a(can_mcan.c.obj)
 .text.k_mutex_unlock.isra.0
                0x00000000004069d2        0x4 zephyr/drivers/can/libdrivers__can.a(can_mcan.c.obj)
 .text.can_enter_init_mode.constprop.0
                0x00000000004069d6       0x42 zephyr/drivers/can/libdrivers__can.a(can_mcan.c.obj)
 .text.can_leave_init_mode.constprop.0
                0x0000000000406a18       0x3a zephyr/drivers/can/libdrivers__can.a(can_mcan.c.obj)
 .text.can_mcan_get_state
                0x0000000000406a52       0x34 zephyr/drivers/can/libdrivers__can.a(can_mcan.c.obj)
                0x0000000000406a52                can_mcan_get_state
 .text.can_sam_set_state_change_callback
                0x0000000000406a86        0x8 zephyr/drivers/can/libdrivers__can.a(can_sam.c.obj)
 .text.can_sam_get_state
                0x0000000000406a8e        0x6 zephyr/drivers/can/libdrivers__can.a(can_sam.c.obj)
 .text.can_sam_remove_rx_filter
                0x0000000000406a94        0xc zephyr/drivers/can/libdrivers__can.a(can_sam.c.obj)
 .text.can_sam_add_rx_filter
                0x0000000000406aa0       0x18 zephyr/drivers/can/libdrivers__can.a(can_sam.c.obj)
 .text.can_sam_send
                0x0000000000406ab8       0x24 zephyr/drivers/can/libdrivers__can.a(can_sam.c.obj)
 .text.can_sam_set_timing
                0x0000000000406adc        0x6 zephyr/drivers/can/libdrivers__can.a(can_sam.c.obj)
 .text.can_sam_set_mode
                0x0000000000406ae2        0x6 zephyr/drivers/can/libdrivers__can.a(can_sam.c.obj)
 .text.config_can_0_irq
                0x0000000000406ae8       0x26 zephyr/drivers/can/libdrivers__can.a(can_sam.c.obj)
 .text.can_sam_line_0_isr
                0x0000000000406b0e        0xc zephyr/drivers/can/libdrivers__can.a(can_sam.c.obj)
 .text.can_sam_line_1_isr
                0x0000000000406b1a        0xc zephyr/drivers/can/libdrivers__can.a(can_sam.c.obj)
 .text.uart_sam_poll_in
                0x0000000000406b26       0x18 zephyr/drivers/serial/libdrivers__serial.a(uart_sam.c.obj)
 .text.uart_sam_poll_out
                0x0000000000406b3e        0xe zephyr/drivers/serial/libdrivers__serial.a(uart_sam.c.obj)
 .text.uart_sam_err_check
                0x0000000000406b4c       0x20 zephyr/drivers/serial/libdrivers__serial.a(uart_sam.c.obj)
 .text.z_device_state_init
                0x0000000000406b6c        0x2 zephyr/kernel/libkernel.a(device.c.obj)
                0x0000000000406b6c                z_device_state_init
 .text.z_device_is_ready
                0x0000000000406b6e       0x14 zephyr/kernel/libkernel.a(device.c.obj)
                0x0000000000406b6e                z_device_is_ready
 .text.z_log_msg2_runtime_create.constprop.0
                0x0000000000406b82       0x1e zephyr/kernel/libkernel.a(fatal.c.obj)
 .text.arch_system_halt
                0x0000000000406ba0       0x12 zephyr/kernel/libkernel.a(fatal.c.obj)
                0x0000000000406ba0                arch_system_halt
 .text.k_is_in_isr
                0x0000000000406bb2        0xc zephyr/kernel/libkernel.a(thread.c.obj)
                0x0000000000406bb2                k_is_in_isr
 .text.z_impl_k_thread_name_set
                0x0000000000406bbe        0x6 zephyr/kernel/libkernel.a(thread.c.obj)
                0x0000000000406bbe                z_impl_k_thread_name_set
 .text.k_thread_name_get
                0x0000000000406bc4        0x4 zephyr/kernel/libkernel.a(thread.c.obj)
                0x0000000000406bc4                k_thread_name_get
 .text.z_impl_k_thread_start
                0x0000000000406bc8        0x4 zephyr/kernel/libkernel.a(thread.c.obj)
                0x0000000000406bc8                z_impl_k_thread_start
 .text.idle     0x0000000000406bcc       0x18 zephyr/kernel/libkernel.a(idle.c.obj)
                0x0000000000406bcc                idle
 .text.adjust_owner_prio.isra.0
                0x0000000000406be4       0x10 zephyr/kernel/libkernel.a(mutex.c.obj)
 .text.z_impl_k_mutex_init
                0x0000000000406bf4        0xe zephyr/kernel/libkernel.a(mutex.c.obj)
                0x0000000000406bf4                z_impl_k_mutex_init
 .text.z_impl_k_sem_init
                0x0000000000406c02       0x18 zephyr/kernel/libkernel.a(sem.c.obj)
                0x0000000000406c02                z_impl_k_sem_init
 .text.flag_test_and_clear
                0x0000000000406c1a       0x16 zephyr/kernel/libkernel.a(work.c.obj)
 .text.sys_dlist_remove
                0x0000000000406c30       0x10 zephyr/kernel/libkernel.a(sched.c.obj)
 .text.unpend_thread_no_timeout
                0x0000000000406c40       0x14 zephyr/kernel/libkernel.a(sched.c.obj)
 .text.z_unpend_thread_no_timeout
                0x0000000000406c54       0x20 zephyr/kernel/libkernel.a(sched.c.obj)
                0x0000000000406c54                z_unpend_thread_no_timeout
 .text.z_reschedule_irqlock
                0x0000000000406c74       0x18 zephyr/kernel/libkernel.a(sched.c.obj)
                0x0000000000406c74                z_reschedule_irqlock
 .text.z_reschedule_unlocked
                0x0000000000406c8c       0x14 zephyr/kernel/libkernel.a(sched.c.obj)
 .text.z_priq_dumb_best
                0x0000000000406ca0        0xc zephyr/kernel/libkernel.a(sched.c.obj)
                0x0000000000406ca0                z_priq_dumb_best
 .text.z_ready_thread
                0x0000000000406cac       0x20 zephyr/kernel/libkernel.a(sched.c.obj)
                0x0000000000406cac                z_ready_thread
 .text.z_thread_timeout
                0x0000000000406ccc       0x44 zephyr/kernel/libkernel.a(sched.c.obj)
                0x0000000000406ccc                z_thread_timeout
 .text.add_to_waitq_locked
                0x0000000000406d10       0x54 zephyr/kernel/libkernel.a(sched.c.obj)
 .text.z_unpend1_no_timeout
                0x0000000000406d64       0x2a zephyr/kernel/libkernel.a(sched.c.obj)
                0x0000000000406d64                z_unpend1_no_timeout
 .text.z_unpend_first_thread
                0x0000000000406d8e       0x30 zephyr/kernel/libkernel.a(sched.c.obj)
                0x0000000000406d8e                z_unpend_first_thread
 .text.z_sched_wake
                0x0000000000406dbe       0x3a zephyr/kernel/libkernel.a(sched.c.obj)
                0x0000000000406dbe                z_sched_wake
 .text.z_abort_timeout
                0x0000000000406df8       0x2c zephyr/kernel/libkernel.a(timeout.c.obj)
                0x0000000000406df8                z_abort_timeout
 .text.z_set_timeout_expiry
                0x0000000000406e24       0x34 zephyr/kernel/libkernel.a(timeout.c.obj)
                0x0000000000406e24                z_set_timeout_expiry
 .text.sys_clock_tick_get_32
                0x0000000000406e58        0x8 zephyr/kernel/libkernel.a(timeout.c.obj)
                0x0000000000406e58                sys_clock_tick_get_32
 .text.z_impl_k_uptime_ticks
                0x0000000000406e60        0x4 zephyr/kernel/libkernel.a(timeout.c.obj)
                0x0000000000406e60                z_impl_k_uptime_ticks
 .text.k_timer_init
                0x0000000000406e64       0x18 zephyr/kernel/libkernel.a(timer.c.obj)
                0x0000000000406e64                k_timer_init
 .text.z_impl_k_timer_stop
                0x0000000000406e7c       0x3a zephyr/kernel/libkernel.a(timer.c.obj)
                0x0000000000406e7c                z_impl_k_timer_stop
 .text.k_heap_init
                0x0000000000406eb6       0x10 zephyr/kernel/libkernel.a(kheap.c.obj)
                0x0000000000406eb6                k_heap_init
 *(SORT_BY_ALIGNMENT(.TEXT.*))
 *(SORT_BY_ALIGNMENT(.gnu.linkonce.t.*))
 *(SORT_BY_ALIGNMENT(.glue_7t))
 .glue_7t       0x0000000000406ec6        0x0 linker stubs
 *(SORT_BY_ALIGNMENT(.glue_7))
 .glue_7        0x0000000000406ec6        0x0 linker stubs
 *(SORT_BY_ALIGNMENT(.vfp11_veneer))
 .vfp11_veneer  0x0000000000406ec6        0x0 linker stubs
 *(SORT_BY_ALIGNMENT(.v4_bx))
 .v4_bx         0x0000000000406ec6        0x0 linker stubs
                0x0000000000406ec6                __text_region_end = .

.ARM.exidx      0x0000000000406ec8        0x8
                0x0000000000406ec8                __exidx_start = .
 *(SORT_BY_ALIGNMENT(.ARM.exidx*) SORT_BY_ALIGNMENT(gnu.linkonce.armexidx.*))
 .ARM.exidx     0x0000000000406ec8        0x8 /home/crem/zephyr-sdk-0.13.1/arm-zephyr-eabi/bin/../lib/gcc/arm-zephyr-eabi/10.3.0/thumb/v7e-m/nofp/libgcc.a(_udivmoddi4.o)
                0x0000000000406ed0                __exidx_end = .
                0x0000000000406ed0                __rodata_region_start = .

initlevel       0x0000000000406ed0       0x90
                0x0000000000406ed0                __init_start = .
                0x0000000000406ed0                __init_PRE_KERNEL_1_start = .
 *(SORT_BY_NAME(SORT_BY_ALIGNMENT(.z_init_PRE_KERNEL_1[0-9]_*)))
 .z_init_PRE_KERNEL_10_
                0x0000000000406ed0        0x8 zephyr/libzephyr.a(soc.c.obj)
 .z_init_PRE_KERNEL_10_
                0x0000000000406ed8        0x8 zephyr/boards/arm/psn_board_jlink/libboards__arm__psn_board_jlink.a(pinmux.c.obj)
 .z_init_PRE_KERNEL_11_
                0x0000000000406ee0        0x8 zephyr/libzephyr.a(soc_config.c.obj)
 *(SORT_BY_NAME(SORT_BY_ALIGNMENT(.z_init_PRE_KERNEL_1[1-9][0-9]_*)))
 .z_init_PRE_KERNEL_130_
                0x0000000000406ee8        0x8 zephyr/kernel/libkernel.a(mem_slab.c.obj)
 .z_init_PRE_KERNEL_130_
                0x0000000000406ef0        0x8 zephyr/kernel/libkernel.a(kheap.c.obj)
 .z_init_PRE_KERNEL_140_
                0x0000000000406ef8       0x28 zephyr/drivers/gpio/libdrivers__gpio.a(gpio_sam.c.obj)
 .z_init_PRE_KERNEL_150_
                0x0000000000406f20        0x8 zephyr/drivers/watchdog/libdrivers__watchdog.a(wdt_sam.c.obj)
 .z_init_PRE_KERNEL_155_
                0x0000000000406f28        0x8 zephyr/drivers/serial/libdrivers__serial.a(uart_sam.c.obj)
 .z_init_PRE_KERNEL_160_
                0x0000000000406f30        0x8 zephyr/drivers/console/libdrivers__console.a(uart_console.c.obj)
                0x0000000000406f38                __init_PRE_KERNEL_2_start = .
 *(SORT_BY_NAME(SORT_BY_ALIGNMENT(.z_init_PRE_KERNEL_2[0-9]_*)))
 .z_init_PRE_KERNEL_20_
                0x0000000000406f38        0x8 zephyr/drivers/timer/libdrivers__timer.a(cortex_m_systick.c.obj)
 *(SORT_BY_NAME(SORT_BY_ALIGNMENT(.z_init_PRE_KERNEL_2[1-9][0-9]_*)))
                0x0000000000406f40                __init_POST_KERNEL_start = .
 *(SORT_BY_NAME(SORT_BY_ALIGNMENT(.z_init_POST_KERNEL[0-9]_*)))
 .z_init_POST_KERNEL0_
                0x0000000000406f40        0x8 zephyr/libzephyr.a(log_core.c.obj)
 *(SORT_BY_NAME(SORT_BY_ALIGNMENT(.z_init_POST_KERNEL[1-9][0-9]_*)))
 .z_init_POST_KERNEL40_
                0x0000000000406f48        0x8 zephyr/kernel/libkernel.a(system_work_q.c.obj)
 .z_init_POST_KERNEL60_
                0x0000000000406f50        0x8 zephyr/drivers/i2c/libdrivers__i2c.a(i2c_sam_twihs.c.obj)
 .z_init_POST_KERNEL80_
                0x0000000000406f58        0x8 zephyr/drivers/can/libdrivers__can.a(can_sam.c.obj)
                0x0000000000406f60                __init_APPLICATION_start = .
 *(SORT_BY_NAME(SORT_BY_ALIGNMENT(.z_init_APPLICATION[0-9]_*)))
 *(SORT_BY_NAME(SORT_BY_ALIGNMENT(.z_init_APPLICATION[1-9][0-9]_*)))
                0x0000000000406f60                __init_SMP_start = .
 *(SORT_BY_NAME(SORT_BY_ALIGNMENT(.z_init_SMP[0-9]_*)))
 *(SORT_BY_NAME(SORT_BY_ALIGNMENT(.z_init_SMP[1-9][0-9]_*)))
                0x0000000000406f60                __init_end = .

devices         0x0000000000406f60       0xd8
                0x0000000000406f60                __device_start = .
                0x0000000000406f60                __device_PRE_KERNEL_1_start = .
 *(SORT_BY_NAME(SORT_BY_ALIGNMENT(.z_device_PRE_KERNEL_1[0-9]_*)))
 *(SORT_BY_NAME(SORT_BY_ALIGNMENT(.z_device_PRE_KERNEL_1[1-9][0-9]_*)))
 .z_device_PRE_KERNEL_140_
                0x0000000000406f60       0x78 zephyr/drivers/gpio/libdrivers__gpio.a(gpio_sam.c.obj)
                0x0000000000406f60                __device_dts_ord_192
                0x0000000000406f78                __device_dts_ord_17
                0x0000000000406f90                __device_dts_ord_31
                0x0000000000406fa8                __device_dts_ord_21
                0x0000000000406fc0                __device_dts_ord_11
 .z_device_PRE_KERNEL_150_
                0x0000000000406fd8       0x18 zephyr/drivers/watchdog/libdrivers__watchdog.a(wdt_sam.c.obj)
                0x0000000000406fd8                __device_dts_ord_68
 .z_device_PRE_KERNEL_155_
                0x0000000000406ff0       0x18 zephyr/drivers/serial/libdrivers__serial.a(uart_sam.c.obj)
                0x0000000000406ff0                __device_dts_ord_53
                0x0000000000407008                __device_PRE_KERNEL_2_start = .
 *(SORT_BY_NAME(SORT_BY_ALIGNMENT(.z_device_PRE_KERNEL_2[0-9]_*)))
 *(SORT_BY_NAME(SORT_BY_ALIGNMENT(.z_device_PRE_KERNEL_2[1-9][0-9]_*)))
                0x0000000000407008                __device_POST_KERNEL_start = .
 *(SORT_BY_NAME(SORT_BY_ALIGNMENT(.z_device_POST_KERNEL[0-9]_*)))
 *(SORT_BY_NAME(SORT_BY_ALIGNMENT(.z_device_POST_KERNEL[1-9][0-9]_*)))
 .z_device_POST_KERNEL60_
                0x0000000000407008       0x18 zephyr/drivers/i2c/libdrivers__i2c.a(i2c_sam_twihs.c.obj)
                0x0000000000407008                __device_dts_ord_96
 .z_device_POST_KERNEL80_
                0x0000000000407020       0x18 zephyr/drivers/can/libdrivers__can.a(can_sam.c.obj)
                0x0000000000407020                __device_dts_ord_72
                0x0000000000407038                __device_APPLICATION_start = .
 *(SORT_BY_NAME(SORT_BY_ALIGNMENT(.z_device_APPLICATION[0-9]_*)))
 *(SORT_BY_NAME(SORT_BY_ALIGNMENT(.z_device_APPLICATION[1-9][0-9]_*)))
                0x0000000000407038                __device_SMP_start = .
 *(SORT_BY_NAME(SORT_BY_ALIGNMENT(.z_device_SMP[0-9]_*)))
 *(SORT_BY_NAME(SORT_BY_ALIGNMENT(.z_device_SMP[1-9][0-9]_*)))
                0x0000000000407038                __device_end = .

sw_isr_table    0x0000000000407038      0x238
                0x0000000000407038                . = ALIGN (0x0)
 *(SORT_BY_ALIGNMENT(.gnu.linkonce.sw_isr_table*))
 .gnu.linkonce.sw_isr_table
                0x0000000000407038      0x238 zephyr/arch/common/libisr_tables.a(isr_tables.c.obj)
                0x0000000000407038                _sw_isr_table

initlevel_error
                0x0000000000406ed0        0x0
 *(SORT_BY_NAME(SORT_BY_ALIGNMENT(.z_init_[_A-Z0-9]*)))
                0x0000000000000001                ASSERT ((SIZEOF (initlevel_error) == 0x0), Undefined initialization levels used.)

app_shmem_regions
                0x0000000000407270        0x0
                0x0000000000407270                __app_shmem_regions_start = .
 *(SORT_BY_NAME(SORT_BY_ALIGNMENT(.app_regions.*)))
                0x0000000000407270                __app_shmem_regions_end = .

bt_l2cap_fixed_chan_area
                0x0000000000407270        0x0
                0x0000000000407270                _bt_l2cap_fixed_chan_list_start = .
 *(SORT_BY_NAME(SORT_BY_ALIGNMENT(._bt_l2cap_fixed_chan.static.*)))
                0x0000000000407270                _bt_l2cap_fixed_chan_list_end = .

bt_gatt_service_static_area
                0x0000000000407270        0x0
                0x0000000000407270                _bt_gatt_service_static_list_start = .
 *(SORT_BY_NAME(SORT_BY_ALIGNMENT(._bt_gatt_service_static.static.*)))
                0x0000000000407270                _bt_gatt_service_static_list_end = .

k_p4wq_initparam_area
                0x0000000000407270        0x0
                0x0000000000407270                _k_p4wq_initparam_list_start = .
 *(SORT_BY_NAME(SORT_BY_ALIGNMENT(._k_p4wq_initparam.static.*)))
                0x0000000000407270                _k_p4wq_initparam_list_end = .

log_strings_sections
                0x0000000000407270        0x0
                0x0000000000407270                __log_strings_start = .
 *(SORT_BY_NAME(SORT_BY_ALIGNMENT(.log_strings*)))
                0x0000000000407270                __log_strings_end = .

log_const_sections
                0x0000000000407270       0x48
                0x0000000000407270                __log_const_start = .
 *(SORT_BY_NAME(SORT_BY_ALIGNMENT(.log_const_*)))
 .log_const_can_driver
                0x0000000000407270        0x8 zephyr/drivers/can/libdrivers__can.a(can_common.c.obj)
                0x0000000000407270                log_const_can_driver
 .log_const_i2c
                0x0000000000407278        0x8 zephyr/drivers/i2c/libdrivers__i2c.a(i2c_common.c.obj)
                0x0000000000407278                log_const_i2c
 .log_const_i2c_sam_twihs
                0x0000000000407280        0x8 zephyr/drivers/i2c/libdrivers__i2c.a(i2c_sam_twihs.c.obj)
                0x0000000000407280                log_const_i2c_sam_twihs
 .log_const_log
                0x0000000000407288        0x8 zephyr/libzephyr.a(log_core.c.obj)
                0x0000000000407288                log_const_log
 .log_const_log_uart
                0x0000000000407290        0x8 zephyr/libzephyr.a(log_backend_uart.c.obj)
                0x0000000000407290                log_const_log_uart
 .log_const_mpu
                0x0000000000407298        0x8 zephyr/arch/arch/arm/core/aarch32/mpu/libarch__arm__core__aarch32__mpu.a(arm_core_mpu.c.obj)
                0x0000000000407298                log_const_mpu
 .log_const_os  0x00000000004072a0        0x8 zephyr/kernel/libkernel.a(init.c.obj)
                0x00000000004072a0                log_const_os
 .log_const_soc
                0x00000000004072a8        0x8 zephyr/libzephyr.a(soc.c.obj)
                0x00000000004072a8                log_const_soc
 .log_const_wdt_sam
                0x00000000004072b0        0x8 zephyr/drivers/watchdog/libdrivers__watchdog.a(wdt_sam.c.obj)
                0x00000000004072b0                log_const_wdt_sam
                0x00000000004072b8                __log_const_end = .

log_backends_sections
                0x00000000004072b8       0x10
                0x00000000004072b8                __log_backends_start = .
 *(SORT_BY_ALIGNMENT(._log_backend.*))
 ._log_backend.static.log_backend_uart
                0x00000000004072b8       0x10 zephyr/libzephyr.a(log_backend_uart.c.obj)
                0x00000000004072c8                __log_backends_end = .

shell_area      0x00000000004072c8        0x0
                0x00000000004072c8                _shell_list_start = .
 *(SORT_BY_NAME(SORT_BY_ALIGNMENT(._shell.static.*)))
                0x00000000004072c8                _shell_list_end = .

shell_root_cmds_sections
                0x00000000004072c8        0x0
                0x00000000004072c8                __shell_root_cmds_start = .
 *(SORT_BY_NAME(SORT_BY_ALIGNMENT(.shell_root_cmd_*)))
                0x00000000004072c8                __shell_root_cmds_end = .

font_entry_sections
                0x00000000004072c8        0x0
                0x00000000004072c8                __font_entry_start = .
 *(SORT_BY_NAME(SORT_BY_ALIGNMENT(._cfb_font.*)))
                0x00000000004072c8                __font_entry_end = .

tracing_backend_area
                0x00000000004072c8        0x0
                0x00000000004072c8                _tracing_backend_list_start = .
 *(SORT_BY_NAME(SORT_BY_ALIGNMENT(._tracing_backend.static.*)))
                0x00000000004072c8                _tracing_backend_list_end = .

zephyr_dbg_info
 *(SORT_BY_ALIGNMENT(.dbg_thread_info))

device_handles  0x00000000004072c8      0x180
                0x00000000004072c8                __device_handles_start = .
 *(SORT_BY_NAME(SORT_BY_ALIGNMENT(.__device_handles_pass1*)))
 .__device_handles_pass1
                0x00000000004072c8      0x14a zephyr/drivers/gpio/libdrivers__gpio.a(gpio_sam.c.obj)
                0x00000000004072c8                __devicehdl_DT_N_S_soc_S_pinctrl_400e0e00_S_gpio_400e1600
                0x00000000004072de                __devicehdl_DT_N_S_soc_S_pinctrl_400e0e00_S_gpio_400e1400
                0x0000000000407360                __devicehdl_DT_N_S_soc_S_pinctrl_400e0e00_S_gpio_400e1200
                0x00000000004073a0                __devicehdl_DT_N_S_soc_S_pinctrl_400e0e00_S_gpio_400e1000
                0x00000000004073ca                __devicehdl_DT_N_S_soc_S_pinctrl_400e0e00_S_gpio_400e0e00
 .__device_handles_pass1
                0x0000000000407412       0x10 zephyr/drivers/i2c/libdrivers__i2c.a(i2c_sam_twihs.c.obj)
                0x0000000000407412                __devicehdl_DT_N_S_soc_S_i2c_40018000
 .__device_handles_pass1
                0x0000000000407422        0xa zephyr/drivers/watchdog/libdrivers__watchdog.a(wdt_sam.c.obj)
                0x0000000000407422                __devicehdl_DT_N_S_soc_S_watchdog_400e1850
 .__device_handles_pass1
                0x000000000040742c        0xe zephyr/drivers/can/libdrivers__can.a(can_sam.c.obj)
                0x000000000040742c                __devicehdl_DT_N_S_soc_S_can_S_can_40030000
 .__device_handles_pass1
                0x000000000040743a        0xe zephyr/drivers/serial/libdrivers__serial.a(uart_sam.c.obj)
                0x000000000040743a                __devicehdl_DT_N_S_soc_S_uart_400e0800
                0x0000000000407448                __device_handles_end = .

rodata          0x0000000000407448      0xd14
 *(SORT_BY_ALIGNMENT(.rodata))
 *(SORT_BY_ALIGNMENT(.rodata.*))
 .rodata.mpsc_config
                0x0000000000407448       0x14 zephyr/libzephyr.a(log_core.c.obj)
 .rodata.colors
                0x000000000040745c       0x14 zephyr/libzephyr.a(log_output.c.obj)
 .rodata.severity
                0x0000000000407470       0x14 zephyr/libzephyr.a(log_output.c.obj)
 .rodata.log_backend_uart_api
                0x0000000000407484       0x1c zephyr/libzephyr.a(log_backend_uart.c.obj)
                0x0000000000407484                log_backend_uart_api
 .rodata.log_output_uart
                0x00000000004074a0       0x10 zephyr/libzephyr.a(log_backend_uart.c.obj)
 .rodata.static_regions
                0x00000000004074b0        0xc zephyr/arch/arch/arm/core/aarch32/mpu/libarch__arm__core__aarch32__mpu.a(arm_core_mpu.c.obj)
 .rodata.mpu_config
                0x00000000004074bc        0x8 zephyr/soc/arm/common/cortex_m/libsoc__arm__common__cortex_m.a(arm_mpu_regions.c.obj)
                0x00000000004074bc                mpu_config
 .rodata.mpu_regions
                0x00000000004074c4       0x18 zephyr/soc/arm/common/cortex_m/libsoc__arm__common__cortex_m.a(arm_mpu_regions.c.obj)
 .rodata.gpio_sam_api
                0x00000000004074dc       0x24 zephyr/drivers/gpio/libdrivers__gpio.a(gpio_sam.c.obj)
 .rodata.port_0_sam_config
                0x0000000000407500       0x10 zephyr/drivers/gpio/libdrivers__gpio.a(gpio_sam.c.obj)
 .rodata.port_1_sam_config
                0x0000000000407510       0x10 zephyr/drivers/gpio/libdrivers__gpio.a(gpio_sam.c.obj)
 .rodata.port_2_sam_config
                0x0000000000407520       0x10 zephyr/drivers/gpio/libdrivers__gpio.a(gpio_sam.c.obj)
 .rodata.port_3_sam_config
                0x0000000000407530       0x10 zephyr/drivers/gpio/libdrivers__gpio.a(gpio_sam.c.obj)
 .rodata.port_4_sam_config
                0x0000000000407540       0x10 zephyr/drivers/gpio/libdrivers__gpio.a(gpio_sam.c.obj)
 .rodata.i2c0_sam_config
                0x0000000000407550       0x14 zephyr/drivers/i2c/libdrivers__i2c.a(i2c_sam_twihs.c.obj)
 .rodata.i2c_sam_twihs_driver_api
                0x0000000000407564       0x18 zephyr/drivers/i2c/libdrivers__i2c.a(i2c_sam_twihs.c.obj)
 .rodata.pins_twihs0
                0x000000000040757c       0x20 zephyr/drivers/i2c/libdrivers__i2c.a(i2c_sam_twihs.c.obj)
 .rodata.wdt_sam_api
                0x000000000040759c       0x10 zephyr/drivers/watchdog/libdrivers__watchdog.a(wdt_sam.c.obj)
 .rodata.wdt_sam_cfg
                0x00000000004075ac        0x4 zephyr/drivers/watchdog/libdrivers__watchdog.a(wdt_sam.c.obj)
 .rodata.can_api_funcs
                0x00000000004075b0       0x4c zephyr/drivers/can/libdrivers__can.a(can_sam.c.obj)
 .rodata.can_sam_cfg_0
                0x00000000004075fc       0x44 zephyr/drivers/can/libdrivers__can.a(can_sam.c.obj)
 .rodata.uart0_sam_config
                0x0000000000407640       0x28 zephyr/drivers/serial/libdrivers__serial.a(uart_sam.c.obj)
 .rodata.uart_sam_driver_api
                0x0000000000407668       0x14 zephyr/drivers/serial/libdrivers__serial.a(uart_sam.c.obj)
 .rodata.levels.0
                0x000000000040767c       0x14 zephyr/kernel/libkernel.a(device.c.obj)
 .rodata._k_neg_eagain
                0x0000000000407690        0x4 zephyr/kernel/libkernel.a(errno.c.obj)
                0x0000000000407690                _k_neg_eagain
 .rodata.CSWTCH.272
                0x0000000000407694       0x14 zephyr/kernel/libkernel.a(fatal.c.obj)
 .rodata.main.str1.1
                0x00000000004076a8       0x49 app/libapp.a(main.c.obj)
 .rodata.cbvprintf.str1.1
                0x00000000004076f1        0x6 zephyr/libzephyr.a(cbprintf_complete.c.obj)
 .rodata.atmel_same70_init.str1.1
                0x00000000004076f7       0x2d zephyr/libzephyr.a(soc.c.obj)
 .rodata.str1.1
                0x0000000000407724        0x4 zephyr/libzephyr.a(soc.c.obj)
 .rodata.enable_logger.str1.1
                0x0000000000407728        0x8 zephyr/libzephyr.a(log_core.c.obj)
 .rodata.str1.1
                0x0000000000407730        0x4 zephyr/libzephyr.a(log_core.c.obj)
 .rodata.hexdump_line_print.str1.1
                0x0000000000407734       0x12 zephyr/libzephyr.a(log_output.c.obj)
                                         0x16 (size before relaxing)
 .rodata.prefix_print.str1.1
                0x0000000000407746       0x40 zephyr/libzephyr.a(log_output.c.obj)
 .rodata.log_output_dropped_process.str1.1
                0x0000000000407786       0x40 zephyr/libzephyr.a(log_output.c.obj)
                                          0x3 (size before relaxing)
 .rodata.str1.1
                0x0000000000407786       0x20 zephyr/libzephyr.a(log_output.c.obj)
 .rodata.postfix.0
                0x00000000004077a6       0x1c zephyr/libzephyr.a(log_output.c.obj)
 .rodata.prefix.1
                0x00000000004077c2        0xc zephyr/libzephyr.a(log_output.c.obj)
 .rodata.str1.1
                0x00000000004077ce       0x1a zephyr/libzephyr.a(log_backend_uart.c.obj)
 .rodata.z_arm_fatal_error.str1.1
                0x00000000004077e8       0x9b zephyr/arch/arch/arm/core/aarch32/libarch__arm__core__aarch32.a(fatal.c.obj)
 .rodata.bus_fault.constprop.0.str1.1
                0x0000000000407883       0xca zephyr/arch/arch/arm/core/aarch32/cortex_m/libarch__arm__core__aarch32__cortex_m.a(fault.c.obj)
 .rodata.usage_fault.constprop.0.str1.1
                0x000000000040794d       0xcd zephyr/arch/arch/arm/core/aarch32/cortex_m/libarch__arm__core__aarch32__cortex_m.a(fault.c.obj)
 .rodata.mem_manage_fault.str1.1
                0x0000000000407a1a       0x96 zephyr/arch/arch/arm/core/aarch32/cortex_m/libarch__arm__core__aarch32__cortex_m.a(fault.c.obj)
 .rodata.z_log_msg2_runtime_create.constprop.0.str1.1
                0x0000000000407ab0       0x13 zephyr/arch/arch/arm/core/aarch32/cortex_m/libarch__arm__core__aarch32__cortex_m.a(fault.c.obj)
 .rodata.z_arm_fault.str1.1
                0x0000000000407ac3       0xfe zephyr/arch/arch/arm/core/aarch32/cortex_m/libarch__arm__core__aarch32__cortex_m.a(fault.c.obj)
 .rodata.str1.1
                0x0000000000407bc1        0x4 zephyr/arch/arch/arm/core/aarch32/mpu/libarch__arm__core__aarch32__mpu.a(arm_core_mpu.c.obj)
 .rodata.mpu_configure_regions.str1.1
                0x0000000000407bc5       0x49 zephyr/arch/arch/arm/core/aarch32/mpu/libarch__arm__core__aarch32__mpu.a(arm_mpu.c.obj)
 .rodata.str1.1
                0x0000000000407c0e        0xf zephyr/soc/arm/common/cortex_m/libsoc__arm__common__cortex_m.a(arm_mpu_regions.c.obj)
 .rodata.str1.1
                0x0000000000407c1d       0x1e zephyr/drivers/gpio/libdrivers__gpio.a(gpio_sam.c.obj)
 .rodata.str1.1
                0x0000000000407c3b        0x4 zephyr/drivers/i2c/libdrivers__i2c.a(i2c_common.c.obj)
 .rodata.i2c_sam_twihs_configure.str1.1
                0x0000000000407c3f       0x9c zephyr/drivers/i2c/libdrivers__i2c.a(i2c_sam_twihs.c.obj)
 .rodata.i2c_sam_twihs_initialize.str1.1
                0x0000000000407cdb       0x50 zephyr/drivers/i2c/libdrivers__i2c.a(i2c_sam_twihs.c.obj)
 .rodata.str1.1
                0x0000000000407d2b       0x14 zephyr/drivers/i2c/libdrivers__i2c.a(i2c_sam_twihs.c.obj)
 .rodata.wdt_sam_setup.str1.1
                0x0000000000407d3f       0x1c zephyr/drivers/watchdog/libdrivers__watchdog.a(wdt_sam.c.obj)
 .rodata.wdt_sam_convert_timeout.str1.1
                0x0000000000407d5b       0x33 zephyr/drivers/watchdog/libdrivers__watchdog.a(wdt_sam.c.obj)
 .rodata.wdt_sam_install_timeout.str1.1
                0x0000000000407d8e       0x67 zephyr/drivers/watchdog/libdrivers__watchdog.a(wdt_sam.c.obj)
 .rodata.str1.1
                0x0000000000407df5       0x13 zephyr/drivers/watchdog/libdrivers__watchdog.a(wdt_sam.c.obj)
 .rodata.str1.1
                0x0000000000407e08        0xb zephyr/drivers/can/libdrivers__can.a(can_common.c.obj)
 .rodata.can_mcan_get_message.str1.1
                0x0000000000407e13       0x11 zephyr/drivers/can/libdrivers__can.a(can_mcan.c.obj)
 .rodata.can_mcan_set_timing.str1.1
                0x0000000000407e24       0x34 zephyr/drivers/can/libdrivers__can.a(can_mcan.c.obj)
 .rodata.can_mcan_init.str1.1
                0x0000000000407e58       0x96 zephyr/drivers/can/libdrivers__can.a(can_mcan.c.obj)
 .rodata.can_mcan_line_1_isr.str1.1
                0x0000000000407eee       0x2c zephyr/drivers/can/libdrivers__can.a(can_mcan.c.obj)
 .rodata.can_mcan_line_0_isr.str1.1
                0x0000000000407f1a       0x4b zephyr/drivers/can/libdrivers__can.a(can_mcan.c.obj)
 .rodata.can_mcan_send.str1.1
                0x0000000000407f65       0x4f zephyr/drivers/can/libdrivers__can.a(can_mcan.c.obj)
 .rodata.can_mcan_add_rx_filter_std.str1.1
                0x0000000000407fb4       0x20 zephyr/drivers/can/libdrivers__can.a(can_mcan.c.obj)
 .rodata.can_mcan_add_rx_filter.str1.1
                0x0000000000407fd4       0x34 zephyr/drivers/can/libdrivers__can.a(can_mcan.c.obj)
 .rodata.can_mcan_remove_rx_filter.str1.1
                0x0000000000408008       0x10 zephyr/drivers/can/libdrivers__can.a(can_mcan.c.obj)
 .rodata.dlc_table.0
                0x0000000000408018       0x10 zephyr/drivers/can/libdrivers__can.a(can_mcan.c.obj)
 .rodata.str1.1
                0x0000000000408028        0x6 zephyr/drivers/can/libdrivers__can.a(can_sam.c.obj)
 .rodata.str1.1
                0x000000000040802e        0x7 zephyr/drivers/serial/libdrivers__serial.a(uart_sam.c.obj)
 .rodata.k_sys_fatal_error_handler.str1.1
                0x0000000000408035        0xf zephyr/kernel/libkernel.a(fatal.c.obj)
 .rodata.z_fatal_error.str1.1
                0x0000000000408044       0x77 zephyr/kernel/libkernel.a(fatal.c.obj)
 .rodata.str1.1
                0x00000000004080bb       0x4a zephyr/kernel/libkernel.a(fatal.c.obj)
 .rodata.z_cstart.str1.1
                0x0000000000408105        0x5 zephyr/kernel/libkernel.a(init.c.obj)
 .rodata.str1.1
                0x000000000040810a        0x3 zephyr/kernel/libkernel.a(init.c.obj)
 .rodata.boot_banner.str1.1
                0x000000000040810d       0x44 zephyr/kernel/libkernel.a(banner.c.obj)
                                         0x45 (size before relaxing)
 .rodata.k_sys_work_q_init.str1.1
                0x0000000000408151        0x9 zephyr/kernel/libkernel.a(system_work_q.c.obj)
 *(SORT_BY_ALIGNMENT(.gnu.linkonce.r.*))
                0x000000000040815c                . = ALIGN (0x4)
 *fill*         0x000000000040815a        0x2 
                0x000000000040815c                __rodata_region_end = .
                0x0000000000408160                . = ALIGN (_region_min_align)
                0x0000000000410000                . = ALIGN ((0x1 << ((__rodata_region_end - __rom_region_start) <= 0x4)?0x2:((__rodata_region_end - __rom_region_start) <= 0x8)?0x3:((__rodata_region_end - __rom_region_start) <= 0x10)?0x4:((__rodata_region_end - __rom_region_start) <= 0x20)?0x5:((__rodata_region_end - __rom_region_start) <= 0x40)?0x6:((__rodata_region_end - __rom_region_start) <= 0x80)?0x7:((__rodata_region_end - __rom_region_start) <= 0x100)?0x8:((__rodata_region_end - __rom_region_start) <= 0x200)?0x9:((__rodata_region_end - __rom_region_start) <= 0x400)?0xa:((__rodata_region_end - __rom_region_start) <= 0x800)?0xb:((__rodata_region_end - __rom_region_start) <= 0x1000)?0xc:((__rodata_region_end - __rom_region_start) <= 0x2000)?0xd:((__rodata_region_end - __rom_region_start) <= 0x4000)?0xe:((__rodata_region_end - __rom_region_start) <= 0x8000)?0xf:((__rodata_region_end - __rom_region_start) <= 0x10000)?0x10:((__rodata_region_end - __rom_region_start) <= 0x20000)?0x11:((__rodata_region_end - __rom_region_start) <= 0x40000)?0x12:((__rodata_region_end - __rom_region_start) <= 0x80000)?0x13:((__rodata_region_end - __rom_region_start) <= 0x100000)?0x14:((__rodata_region_end - __rom_region_start) <= 0x200000)?0x15:((__rodata_region_end - __rom_region_start) <= 0x400000)?0x16:((__rodata_region_end - __rom_region_start) <= 0x800000)?0x17:((__rodata_region_end - __rom_region_start) <= 0x1000000)?0x18:((__rodata_region_end - __rom_region_start) <= 0x2000000)?0x19:((__rodata_region_end - __rom_region_start) <= 0x4000000)?0x1a:((__rodata_region_end - __rom_region_start) <= 0x8000000)?0x1b:((__rodata_region_end - __rom_region_start) <= 0x10000000)?0x1c:((__rodata_region_end - __rom_region_start) <= 0x20000000)?0x1d:((__rodata_region_end - __rom_region_start) <= 0x40000000)?0x1e:((__rodata_region_end - __rom_region_start) <= 0x80000000)?0x1f:0x20))
                0x0000000000410000                __rom_region_end = .
                0x0000000020400000                . = 0x20400000
                0x0000000020400000                . = ALIGN (_region_min_align)
                0x0000000020400000                _image_ram_start = .

.ramfunc        0x0000000020400000        0x0 load address 0x000000000040815c
                0x0000000020400000                . = ALIGN (_region_min_align)
                0x0000000020400000                . = ALIGN ((0x1 << (__ramfunc_size <= 0x4)?0x2:(__ramfunc_size <= 0x8)?0x3:(__ramfunc_size <= 0x10)?0x4:(__ramfunc_size <= 0x20)?0x5:(__ramfunc_size <= 0x40)?0x6:(__ramfunc_size <= 0x80)?0x7:(__ramfunc_size <= 0x100)?0x8:(__ramfunc_size <= 0x200)?0x9:(__ramfunc_size <= 0x400)?0xa:(__ramfunc_size <= 0x800)?0xb:(__ramfunc_size <= 0x1000)?0xc:(__ramfunc_size <= 0x2000)?0xd:(__ramfunc_size <= 0x4000)?0xe:(__ramfunc_size <= 0x8000)?0xf:(__ramfunc_size <= 0x10000)?0x10:(__ramfunc_size <= 0x20000)?0x11:(__ramfunc_size <= 0x40000)?0x12:(__ramfunc_size <= 0x80000)?0x13:(__ramfunc_size <= 0x100000)?0x14:(__ramfunc_size <= 0x200000)?0x15:(__ramfunc_size <= 0x400000)?0x16:(__ramfunc_size <= 0x800000)?0x17:(__ramfunc_size <= 0x1000000)?0x18:(__ramfunc_size <= 0x2000000)?0x19:(__ramfunc_size <= 0x4000000)?0x1a:(__ramfunc_size <= 0x8000000)?0x1b:(__ramfunc_size <= 0x10000000)?0x1c:(__ramfunc_size <= 0x20000000)?0x1d:(__ramfunc_size <= 0x40000000)?0x1e:(__ramfunc_size <= 0x80000000)?0x1f:0x20))
                0x0000000020400000                __ramfunc_start = .
 *(SORT_BY_ALIGNMENT(.ramfunc))
 *(SORT_BY_ALIGNMENT(.ramfunc.*))
                0x0000000020400000                . = ALIGN (_region_min_align)
                0x0000000020400000                . = ALIGN ((0x1 << (__ramfunc_size <= 0x4)?0x2:(__ramfunc_size <= 0x8)?0x3:(__ramfunc_size <= 0x10)?0x4:(__ramfunc_size <= 0x20)?0x5:(__ramfunc_size <= 0x40)?0x6:(__ramfunc_size <= 0x80)?0x7:(__ramfunc_size <= 0x100)?0x8:(__ramfunc_size <= 0x200)?0x9:(__ramfunc_size <= 0x400)?0xa:(__ramfunc_size <= 0x800)?0xb:(__ramfunc_size <= 0x1000)?0xc:(__ramfunc_size <= 0x2000)?0xd:(__ramfunc_size <= 0x4000)?0xe:(__ramfunc_size <= 0x8000)?0xf:(__ramfunc_size <= 0x10000)?0x10:(__ramfunc_size <= 0x20000)?0x11:(__ramfunc_size <= 0x40000)?0x12:(__ramfunc_size <= 0x80000)?0x13:(__ramfunc_size <= 0x100000)?0x14:(__ramfunc_size <= 0x200000)?0x15:(__ramfunc_size <= 0x400000)?0x16:(__ramfunc_size <= 0x800000)?0x17:(__ramfunc_size <= 0x1000000)?0x18:(__ramfunc_size <= 0x2000000)?0x19:(__ramfunc_size <= 0x4000000)?0x1a:(__ramfunc_size <= 0x8000000)?0x1b:(__ramfunc_size <= 0x10000000)?0x1c:(__ramfunc_size <= 0x20000000)?0x1d:(__ramfunc_size <= 0x40000000)?0x1e:(__ramfunc_size <= 0x80000000)?0x1f:0x20))
                0x0000000020400000                __ramfunc_end = .
                0x0000000000000000                __ramfunc_size = (__ramfunc_end - __ramfunc_start)
                0x000000000040815c                __ramfunc_load_start = LOADADDR (.ramfunc)

datas           0x0000000020400000       0x1c load address 0x000000000040815c
                0x0000000020400000                __data_region_start = .
                0x0000000020400000                __data_start = .
 *(SORT_BY_ALIGNMENT(.data))
 *(SORT_BY_ALIGNMENT(.data.*))
 .data.can_dev  0x0000000020400000        0x4 app/libapp.a(main.c.obj)
                0x0000000020400000                can_dev
 .data._char_out
                0x0000000020400004        0x4 zephyr/libzephyr.a(printk.c.obj)
                0x0000000020400004                _char_out
 .data.timestamp_func
                0x0000000020400008        0x4 zephyr/libzephyr.a(log_core.c.obj)
 .data._stdout_hook
                0x000000002040000c        0x4 zephyr/lib/libc/minimal/liblib__libc__minimal.a(stdout_console.c.obj)
 .data.uart0_sam_data
                0x0000000020400010        0x4 zephyr/drivers/serial/libdrivers__serial.a(uart_sam.c.obj)
 .data.timeout_list
                0x0000000020400014        0x8 zephyr/kernel/libkernel.a(timeout.c.obj)
 *(SORT_BY_ALIGNMENT(.kernel.*))
                0x000000002040001c                __data_end = .
                0x000000000000001c                __data_size = (__data_end - __data_start)
                0x000000000040815c                __data_load_start = LOADADDR (datas)
                0x000000000040815c                __data_region_load_start = LOADADDR (datas)

device_states   0x000000002040001c       0x24 load address 0x0000000000408178
                0x000000002040001c                __device_states_start = .
 *(SORT_BY_ALIGNMENT(.z_devstate))
 .z_devstate    0x000000002040001c       0x14 zephyr/drivers/gpio/libdrivers__gpio.a(gpio_sam.c.obj)
 .z_devstate    0x0000000020400030        0x4 zephyr/drivers/i2c/libdrivers__i2c.a(i2c_sam_twihs.c.obj)
 .z_devstate    0x0000000020400034        0x4 zephyr/drivers/watchdog/libdrivers__watchdog.a(wdt_sam.c.obj)
 .z_devstate    0x0000000020400038        0x4 zephyr/drivers/can/libdrivers__can.a(can_sam.c.obj)
 .z_devstate    0x000000002040003c        0x4 zephyr/drivers/serial/libdrivers__serial.a(uart_sam.c.obj)
 *(SORT_BY_ALIGNMENT(.z_devstate.*))
                0x0000000020400040                __device_states_end = .

initshell       0x0000000020400040        0x0 load address 0x000000000040819c
                0x0000000020400040                __shell_module_start = .
 *(SORT_BY_ALIGNMENT(.shell_module_*))
                0x0000000020400040                __shell_module_end = .
                0x0000000020400040                __shell_cmd_start = .
 *(SORT_BY_ALIGNMENT(.shell_cmd_*))
                0x0000000020400040                __shell_cmd_end = .

log_dynamic_sections
                0x0000000020400040        0x0 load address 0x000000000040819c
                0x0000000020400040                __log_dynamic_start = .
 *(SORT_BY_NAME(SORT_BY_ALIGNMENT(.log_dynamic_*)))
                0x0000000020400040                __log_dynamic_end = .

_static_thread_data_area
                0x0000000020400040        0x0 load address 0x000000000040819c
                0x0000000020400040                __static_thread_data_list_start = .
 *(SORT_BY_NAME(SORT_BY_ALIGNMENT(.__static_thread_data.static.*)))
                0x0000000020400040                __static_thread_data_list_end = .

k_timer_area    0x0000000020400040        0x0 load address 0x000000000040819c
                0x0000000020400040                _k_timer_list_start = .
 *(SORT_BY_NAME(SORT_BY_ALIGNMENT(._k_timer.static.*)))
                0x0000000020400040                _k_timer_list_end = .

k_mem_slab_area
                0x0000000020400040        0x0 load address 0x000000000040819c
                0x0000000020400040                _k_mem_slab_list_start = .
 *(SORT_BY_NAME(SORT_BY_ALIGNMENT(._k_mem_slab.static.*)))
                0x0000000020400040                _k_mem_slab_list_end = .

k_mem_pool_area
                0x0000000020400040        0x0 load address 0x000000000040819c
                0x0000000020400040                _k_mem_pool_list_start = .
 *(SORT_BY_NAME(SORT_BY_ALIGNMENT(._k_mem_pool.static.*)))
                0x0000000020400040                _k_mem_pool_list_end = .

k_heap_area     0x0000000020400040        0x0 load address 0x000000000040819c
                0x0000000020400040                _k_heap_list_start = .
 *(SORT_BY_NAME(SORT_BY_ALIGNMENT(._k_heap.static.*)))
                0x0000000020400040                _k_heap_list_end = .

k_mutex_area    0x0000000020400040        0x0 load address 0x000000000040819c
                0x0000000020400040                _k_mutex_list_start = .
 *(SORT_BY_NAME(SORT_BY_ALIGNMENT(._k_mutex.static.*)))
                0x0000000020400040                _k_mutex_list_end = .

k_stack_area    0x0000000020400040        0x0 load address 0x000000000040819c
                0x0000000020400040                _k_stack_list_start = .
 *(SORT_BY_NAME(SORT_BY_ALIGNMENT(._k_stack.static.*)))
                0x0000000020400040                _k_stack_list_end = .

k_msgq_area     0x0000000020400040        0x0 load address 0x000000000040819c
                0x0000000020400040                _k_msgq_list_start = .
 *(SORT_BY_NAME(SORT_BY_ALIGNMENT(._k_msgq.static.*)))
                0x0000000020400040                _k_msgq_list_end = .

k_mbox_area     0x0000000020400040        0x0 load address 0x000000000040819c
                0x0000000020400040                _k_mbox_list_start = .
 *(SORT_BY_NAME(SORT_BY_ALIGNMENT(._k_mbox.static.*)))
                0x0000000020400040                _k_mbox_list_end = .

k_pipe_area     0x0000000020400040        0x0 load address 0x000000000040819c
                0x0000000020400040                _k_pipe_list_start = .
 *(SORT_BY_NAME(SORT_BY_ALIGNMENT(._k_pipe.static.*)))
                0x0000000020400040                _k_pipe_list_end = .

k_sem_area      0x0000000020400040       0x10 load address 0x000000000040819c
                0x0000000020400040                _k_sem_list_start = .
 *(SORT_BY_NAME(SORT_BY_ALIGNMENT(._k_sem.static.*)))
 ._k_sem.static.log_process_thread_sem
                0x0000000020400040       0x10 zephyr/libzephyr.a(log_core.c.obj)
                0x0000000020400040                log_process_thread_sem
                0x0000000020400050                _k_sem_list_end = .

k_event_area    0x0000000020400050        0x0 load address 0x00000000004081ac
                0x0000000020400050                _k_event_list_start = .
 *(SORT_BY_NAME(SORT_BY_ALIGNMENT(._k_event.static.*)))
                0x0000000020400050                _k_event_list_end = .

k_queue_area    0x0000000020400050        0x0 load address 0x00000000004081ac
                0x0000000020400050                _k_queue_list_start = .
 *(SORT_BY_NAME(SORT_BY_ALIGNMENT(._k_queue.static.*)))
                0x0000000020400050                _k_queue_list_end = .

k_condvar_area  0x0000000020400050        0x0 load address 0x00000000004081ac
                0x0000000020400050                _k_condvar_list_start = .
 *(SORT_BY_NAME(SORT_BY_ALIGNMENT(._k_condvar.static.*)))
                0x0000000020400050                _k_condvar_list_end = .

_net_buf_pool_area
                0x0000000020400050        0x0 load address 0x00000000004081ac
                0x0000000020400050                _net_buf_pool_list = .
 *(SORT_BY_NAME(SORT_BY_ALIGNMENT(._net_buf_pool.static.*)))
                0x0000000020400050                __data_region_end = .

bss             0x0000000020400050      0xbc6
                0x0000000020400050                . = ALIGN (0x4)
                0x0000000020400050                __bss_start = .
                0x0000000020400050                __kernel_ram_start = .
 *(SORT_BY_ALIGNMENT(.bss))
 *(SORT_BY_ALIGNMENT(.bss.*))
 .bss.buf32     0x0000000020400050      0x400 zephyr/libzephyr.a(log_core.c.obj)
 .bss.log_process_thread_timer
                0x0000000020400450       0x38 zephyr/libzephyr.a(log_core.c.obj)
 .bss.logging_thread
                0x0000000020400488       0x80 zephyr/libzephyr.a(log_core.c.obj)
                0x0000000020400488                logging_thread
 .bss.z_idle_threads
                0x0000000020400508       0x80 zephyr/kernel/libkernel.a(init.c.obj)
                0x0000000020400508                z_idle_threads
 .bss.z_main_thread
                0x0000000020400588       0x80 zephyr/kernel/libkernel.a(init.c.obj)
                0x0000000020400588                z_main_thread
 .bss.curr_tick
                0x0000000020400608        0x8 zephyr/kernel/libkernel.a(timeout.c.obj)
 .bss.k_sys_work_q
                0x0000000020400610       0xa0 zephyr/kernel/libkernel.a(system_work_q.c.obj)
                0x0000000020400610                k_sys_work_q
 .bss.buffered_cnt
                0x00000000204006b0        0x4 zephyr/libzephyr.a(log_core.c.obj)
 .bss.dropped_cnt
                0x00000000204006b4        0x4 zephyr/libzephyr.a(log_core.c.obj)
 .bss.initialized
                0x00000000204006b8        0x4 zephyr/libzephyr.a(log_core.c.obj)
 .bss.log_buffer
                0x00000000204006bc       0x34 zephyr/libzephyr.a(log_core.c.obj)
                0x00000000204006bc                log_buffer
 .bss.proc_tid  0x00000000204006f0        0x4 zephyr/libzephyr.a(log_core.c.obj)
 .bss.freq      0x00000000204006f4        0x4 zephyr/libzephyr.a(log_output.c.obj)
 .bss.timestamp_div
                0x00000000204006f8        0x4 zephyr/libzephyr.a(log_output.c.obj)
 .bss.backend_cb_log_backend_uart
                0x00000000204006fc        0x8 zephyr/libzephyr.a(log_backend_uart.c.obj)
 .bss.log_output_uart_control_block
                0x0000000020400704        0xc zephyr/libzephyr.a(log_backend_uart.c.obj)
 .bss.uart_dev  0x0000000020400710        0x4 zephyr/libzephyr.a(log_backend_uart.c.obj)
 .bss.dynamic_regions.0
                0x0000000020400714        0xc zephyr/arch/arch/arm/core/aarch32/mpu/libarch__arm__core__aarch32__mpu.a(arm_core_mpu.c.obj)
 .bss.uart_console_dev
                0x0000000020400720        0x4 zephyr/drivers/console/libdrivers__console.a(uart_console.c.obj)
 .bss.port_0_sam_runtime
                0x0000000020400724        0xc zephyr/drivers/gpio/libdrivers__gpio.a(gpio_sam.c.obj)
 .bss.port_1_sam_runtime
                0x0000000020400730        0xc zephyr/drivers/gpio/libdrivers__gpio.a(gpio_sam.c.obj)
 .bss.port_2_sam_runtime
                0x000000002040073c        0xc zephyr/drivers/gpio/libdrivers__gpio.a(gpio_sam.c.obj)
 .bss.port_3_sam_runtime
                0x0000000020400748        0xc zephyr/drivers/gpio/libdrivers__gpio.a(gpio_sam.c.obj)
 .bss.port_4_sam_runtime
                0x0000000020400754        0xc zephyr/drivers/gpio/libdrivers__gpio.a(gpio_sam.c.obj)
 .bss.i2c0_sam_data
                0x0000000020400760       0x24 zephyr/drivers/i2c/libdrivers__i2c.a(i2c_sam_twihs.c.obj)
 .bss.wdt_sam_data
                0x0000000020400784        0xc zephyr/drivers/watchdog/libdrivers__watchdog.a(wdt_sam.c.obj)
 .bss.can_sam_dev_data_0
                0x0000000020400790      0x434 zephyr/drivers/can/libdrivers__can.a(can_sam.c.obj)
 .bss.announced_cycles
                0x0000000020400bc4        0x4 zephyr/drivers/timer/libdrivers__timer.a(cortex_m_systick.c.obj)
 .bss.cycle_count
                0x0000000020400bc8        0x4 zephyr/drivers/timer/libdrivers__timer.a(cortex_m_systick.c.obj)
 .bss.last_load
                0x0000000020400bcc        0x4 zephyr/drivers/timer/libdrivers__timer.a(cortex_m_systick.c.obj)
 .bss.overflow_cyc
                0x0000000020400bd0        0x4 zephyr/drivers/timer/libdrivers__timer.a(cortex_m_systick.c.obj)
 .bss._kernel   0x0000000020400bd4       0x24 zephyr/kernel/libkernel.a(init.c.obj)
                0x0000000020400bd4                _kernel
 .bss.pending_cancels
                0x0000000020400bf8        0x8 zephyr/kernel/libkernel.a(work.c.obj)
 .bss.pending_current
                0x0000000020400c00        0x4 zephyr/kernel/libkernel.a(sched.c.obj)
 .bss.slice_max_prio
                0x0000000020400c04        0x4 zephyr/kernel/libkernel.a(sched.c.obj)
 .bss.slice_time